Archive member included to satisfy reference by file (symbol)

examples/libexamples.a(color.c.obj)
                              CMakeFiles/main.dir/main.c.obj (color)
lib/LCD/libLCD.a(LCD_1in3.c.obj)
                              examples/libexamples.a(color.c.obj) (LCD_1IN3_Init)
lib/Infrared/libInfrared.a(Infrared.c.obj)
                              examples/libexamples.a(color.c.obj) (SET_Infrared_PIN)
lib/GUI/libGUI.a(GUI_Paint.c.obj)
                              examples/libexamples.a(color.c.obj) (Paint_NewImage)
lib/Config/libConfig.a(DEV_Config.c.obj)
                              lib/LCD/libLCD.a(LCD_1in3.c.obj) (DEV_Digital_Write)
/opt/homebrew/Cellar/arm-none-eabi-gcc/10.3-2021.07/gcc/bin/../lib/gcc/arm-none-eabi/10.3.1/thumb/v6-m/nofp/libgcc.a(_dvmd_tls.o)
                              CMakeFiles/main.dir/Users/cyrus/dev/pi/pico/pico-sdk/src/rp2_common/pico_divider/divider.S.obj (__aeabi_idiv0)
/opt/homebrew/Cellar/arm-none-eabi-gcc/10.3-2021.07/gcc/bin/../lib/gcc/arm-none-eabi/10.3.1/../../../../arm-none-eabi/lib/thumb/v6-m/nofp/libc.a(lib_a-calloc.o)
                              CMakeFiles/main.dir/Users/cyrus/dev/pi/pico/pico-sdk/src/rp2_common/pico_malloc/pico_malloc.c.obj (calloc)
/opt/homebrew/Cellar/arm-none-eabi-gcc/10.3-2021.07/gcc/bin/../lib/gcc/arm-none-eabi/10.3.1/../../../../arm-none-eabi/lib/thumb/v6-m/nofp/libc.a(lib_a-callocr.o)
                              /opt/homebrew/Cellar/arm-none-eabi-gcc/10.3-2021.07/gcc/bin/../lib/gcc/arm-none-eabi/10.3.1/../../../../arm-none-eabi/lib/thumb/v6-m/nofp/libc.a(lib_a-calloc.o) (_calloc_r)
/opt/homebrew/Cellar/arm-none-eabi-gcc/10.3-2021.07/gcc/bin/../lib/gcc/arm-none-eabi/10.3.1/../../../../arm-none-eabi/lib/thumb/v6-m/nofp/libc.a(lib_a-errno.o)
                              /opt/homebrew/Cellar/arm-none-eabi-gcc/10.3-2021.07/gcc/bin/../lib/gcc/arm-none-eabi/10.3.1/../../../../arm-none-eabi/lib/thumb/v6-m/nofp/libc.a(lib_a-callocr.o) (__errno)
/opt/homebrew/Cellar/arm-none-eabi-gcc/10.3-2021.07/gcc/bin/../lib/gcc/arm-none-eabi/10.3.1/../../../../arm-none-eabi/lib/thumb/v6-m/nofp/libc.a(lib_a-impure.o)
                              /opt/homebrew/Cellar/arm-none-eabi-gcc/10.3-2021.07/gcc/bin/../lib/gcc/arm-none-eabi/10.3.1/../../../../arm-none-eabi/lib/thumb/v6-m/nofp/libc.a(lib_a-calloc.o) (_impure_ptr)
/opt/homebrew/Cellar/arm-none-eabi-gcc/10.3-2021.07/gcc/bin/../lib/gcc/arm-none-eabi/10.3.1/../../../../arm-none-eabi/lib/thumb/v6-m/nofp/libc.a(lib_a-init.o)
                              /opt/homebrew/Cellar/arm-none-eabi-gcc/10.3-2021.07/gcc/bin/../lib/gcc/arm-none-eabi/10.3.1/../../../../arm-none-eabi/lib/thumb/v6-m/nofp/crt0.o (__libc_init_array)
/opt/homebrew/Cellar/arm-none-eabi-gcc/10.3-2021.07/gcc/bin/../lib/gcc/arm-none-eabi/10.3.1/../../../../arm-none-eabi/lib/thumb/v6-m/nofp/libc.a(lib_a-malloc.o)
                              CMakeFiles/main.dir/Users/cyrus/dev/pi/pico/pico-sdk/src/rp2_common/pico_malloc/pico_malloc.c.obj (malloc)
/opt/homebrew/Cellar/arm-none-eabi-gcc/10.3-2021.07/gcc/bin/../lib/gcc/arm-none-eabi/10.3.1/../../../../arm-none-eabi/lib/thumb/v6-m/nofp/libc.a(lib_a-mallocr.o)
                              /opt/homebrew/Cellar/arm-none-eabi-gcc/10.3-2021.07/gcc/bin/../lib/gcc/arm-none-eabi/10.3.1/../../../../arm-none-eabi/lib/thumb/v6-m/nofp/libc.a(lib_a-callocr.o) (_malloc_r)
/opt/homebrew/Cellar/arm-none-eabi-gcc/10.3-2021.07/gcc/bin/../lib/gcc/arm-none-eabi/10.3.1/../../../../arm-none-eabi/lib/thumb/v6-m/nofp/libc.a(lib_a-mlock.o)
                              /opt/homebrew/Cellar/arm-none-eabi-gcc/10.3-2021.07/gcc/bin/../lib/gcc/arm-none-eabi/10.3.1/../../../../arm-none-eabi/lib/thumb/v6-m/nofp/libc.a(lib_a-mallocr.o) (__malloc_lock)
/opt/homebrew/Cellar/arm-none-eabi-gcc/10.3-2021.07/gcc/bin/../lib/gcc/arm-none-eabi/10.3.1/../../../../arm-none-eabi/lib/thumb/v6-m/nofp/libc.a(lib_a-realloc.o)
                              CMakeFiles/main.dir/Users/cyrus/dev/pi/pico/pico-sdk/src/rp2_common/pico_malloc/pico_malloc.c.obj (realloc)
/opt/homebrew/Cellar/arm-none-eabi-gcc/10.3-2021.07/gcc/bin/../lib/gcc/arm-none-eabi/10.3.1/../../../../arm-none-eabi/lib/thumb/v6-m/nofp/libc.a(lib_a-reallocr.o)
                              /opt/homebrew/Cellar/arm-none-eabi-gcc/10.3-2021.07/gcc/bin/../lib/gcc/arm-none-eabi/10.3.1/../../../../arm-none-eabi/lib/thumb/v6-m/nofp/libc.a(lib_a-realloc.o) (_realloc_r)
/opt/homebrew/Cellar/arm-none-eabi-gcc/10.3-2021.07/gcc/bin/../lib/gcc/arm-none-eabi/10.3.1/../../../../arm-none-eabi/lib/thumb/v6-m/nofp/libc.a(lib_a-sbrkr.o)
                              /opt/homebrew/Cellar/arm-none-eabi-gcc/10.3-2021.07/gcc/bin/../lib/gcc/arm-none-eabi/10.3.1/../../../../arm-none-eabi/lib/thumb/v6-m/nofp/libc.a(lib_a-mallocr.o) (_sbrk_r)
/opt/homebrew/Cellar/arm-none-eabi-gcc/10.3-2021.07/gcc/bin/../lib/gcc/arm-none-eabi/10.3.1/../../../../arm-none-eabi/lib/thumb/v6-m/nofp/libc.a(lib_a-strlen-stub.o)
[...]
Memory Configuration

Name             Origin             Length             Attributes
FLASH            0x0000000010000000 0x0000000000200000 xr
RAM              0x0000000020000000 0x0000000000040000 xrw
SCRATCH_X        0x0000000020040000 0x0000000000001000 xrw
SCRATCH_Y        0x0000000020041000 0x0000000000001000 xrw
*default*        0x0000000000000000 0xffffffffffffffff

Linker script and memory map

LOAD /opt/homebrew/Cellar/arm-none-eabi-gcc/10.3-2021.07/gcc/bin/../lib/gcc/arm-none-eabi/10.3.1/thumb/v6-m/nofp/crti.o
LOAD /opt/homebrew/Cellar/arm-none-eabi-gcc/10.3-2021.07/gcc/bin/../lib/gcc/arm-none-eabi/10.3.1/thumb/v6-m/nofp/crtbegin.o
LOAD /opt/homebrew/Cellar/arm-none-eabi-gcc/10.3-2021.07/gcc/bin/../lib/gcc/arm-none-eabi/10.3.1/../../../../arm-none-eabi/lib/thumb/v6-m/nofp/crt0.o

.flash_begin    0x0000000010000000        0x0
                0x0000000010000000                __flash_binary_start = .

.boot2          0x0000000010000000      0x100
                0x0000000010000000                __boot2_start__ = .
 *(.boot2)
 .boot2         0x0000000010000000      0x100 /var/folders/t9/7crp3v3n3kxcjcq2s506rn580000gn/T//ccyfx65r.o
                0x0000000010000100                __boot2_end__ = .
                0x0000000000000001                ASSERT (((__boot2_end__ - __boot2_start__) == 0x100), ERROR: Pico second stage bootloader must be 256 bytes in size)

.text           0x0000000010000100     0x9410
                0x0000000010000100                __logical_binary_start = .
 *(.vectors)
 .vectors       0x0000000010000100       0xd4 CMakeFiles/main.dir/Users/cyrus/dev/pi/pico/pico-sdk/src/rp2_common/pico_standard_link/crt0.S.obj
                0x0000000010000100                __VECTOR_TABLE
                0x0000000010000100                __vectors
                0x00000000100001c0                __default_isrs_start
                0x00000000100001c0                isr_invalid
                0x00000000100001c2                isr_nmi
                0x00000000100001c4                isr_hardfault
                0x00000000100001c6                isr_svcall
                0x00000000100001c8                isr_pendsv
                0x00000000100001ca                isr_systick
                0x00000000100001cc                isr_irq28
                0x00000000100001cc                isr_irq19
                0x00000000100001cc                isr_irq0
                0x00000000100001cc                isr_irq6
                0x00000000100001cc                isr_irq22
                0x00000000100001cc                isr_irq17
                0x00000000100001cc                isr_irq14
                0x00000000100001cc                isr_irq2
                0x00000000100001cc                isr_irq10
                0x00000000100001cc                isr_irq8
                0x00000000100001cc                isr_irq24
                0x00000000100001cc                isr_irq1
                0x00000000100001cc                isr_irq7
                0x00000000100001cc                isr_irq21
                0x00000000100001cc                isr_irq20
                0x00000000100001cc                isr_irq15
                0x00000000100001cc                isr_irq25
                0x00000000100001cc                isr_irq4
                0x00000000100001cc                isr_irq16
                0x00000000100001cc                isr_irq29
                0x00000000100001cc                isr_irq26
                0x00000000100001cc                __default_isrs_end
                0x00000000100001cc                isr_irq3
                0x00000000100001cc                isr_irq9
                0x00000000100001cc                __unhandled_user_irq
                0x00000000100001cc                isr_irq13
                0x00000000100001cc                isr_irq27
                0x00000000100001cc                isr_irq31
                0x00000000100001cc                isr_irq5
                0x00000000100001cc                isr_irq11
                0x00000000100001cc                isr_irq23
                0x00000000100001cc                isr_irq18
                0x00000000100001cc                isr_irq30
                0x00000000100001cc                isr_irq12
                0x00000000100001d2                unhandled_user_irq_num_in_r0
 *(.binary_info_header)
 .binary_info_header
                0x00000000100001d4       0x14 CMakeFiles/main.dir/Users/cyrus/dev/pi/pico/pico-sdk/src/rp2_common/pico_standard_link/crt0.S.obj
                0x00000000100001e8                __binary_info_header_end = .
 *(.reset)
 .reset         0x00000000100001e8       0xa8 CMakeFiles/main.dir/Users/cyrus/dev/pi/pico/pico-sdk/src/rp2_common/pico_standard_link/crt0.S.obj
                0x00000000100001e8                _entry_point
                0x0000000010000266                __get_current_exception
 .reset         0x0000000010000290       0x30 CMakeFiles/main.dir/Users/cyrus/dev/pi/pico/pico-sdk/src/rp2_common/pico_standard_link/binary_info.c.obj
 *(.init)
 .init          0x00000000100002c0        0x4 /opt/homebrew/Cellar/arm-none-eabi-gcc/10.3-2021.07/gcc/bin/../lib/gcc/arm-none-eabi/10.3.1/thumb/v6-m/nofp/crti.o
                0x00000000100002c0                _init
 *(EXCLUDE_FILE(*libm.a: *libc.a:*lib_a-mem*.o *libgcc.a:) .text*)
 .text          0x00000000100002c4       0x48 /opt/homebrew/Cellar/arm-none-eabi-gcc/10.3-2021.07/gcc/bin/../lib/gcc/arm-none-eabi/10.3.1/thumb/v6-m/nofp/crtbegin.o
 .text.startup.main
                0x000000001000030c        0xc CMakeFiles/main.dir/main.c.obj
                0x000000001000030c                main
 .text.gpio_set_function
                0x0000000010000318       0x30 CMakeFiles/main.dir/Users/cyrus/dev/pi/pico/pico-sdk/src/rp2_common/hardware_gpio/gpio.c.obj
                0x0000000010000318                gpio_set_function
 .text.gpio_set_pulls
                0x0000000010000348       0x30 CMakeFiles/main.dir/Users/cyrus/dev/pi/pico/pico-sdk/src/rp2_common/hardware_gpio/gpio.c.obj
                0x0000000010000348                gpio_set_pulls
 .text.gpio_init
                0x0000000010000378       0x3c CMakeFiles/main.dir/Users/cyrus/dev/pi/pico/pico-sdk/src/rp2_common/hardware_gpio/gpio.c.obj
                0x0000000010000378                gpio_init
 .text.hw_claim_or_assert
                0x00000000100003b4       0x44 CMakeFiles/main.dir/Users/cyrus/dev/pi/pico/pico-sdk/src/rp2_common/hardware_claim/claim.c.obj
                0x00000000100003b4                hw_claim_or_assert
 .text.hw_claim_unused_from_range
                0x00000000100003f8       0x9c CMakeFiles/main.dir/Users/cyrus/dev/pi/pico/pico-sdk/src/rp2_common/hardware_claim/claim.c.obj
                0x00000000100003f8                hw_claim_unused_from_range
 .text.running_on_fpga
                0x0000000010000494       0x10 CMakeFiles/main.dir/Users/cyrus/dev/pi/pico/pico-sdk/src/rp2_common/pico_platform/platform.c.obj
                0x0000000010000494                running_on_fpga
 .text.spin_locks_reset
                0x00000000100004a4       0x1c CMakeFiles/main.dir/Users/cyrus/dev/pi/pico/pico-sdk/src/rp2_common/hardware_sync/sync.c.obj
                0x00000000100004a4                spin_locks_reset
 .text.next_striped_spin_lock_num
                0x00000000100004c0       0x18 CMakeFiles/main.dir/Users/cyrus/dev/pi/pico/pico-sdk/src/rp2_common/hardware_sync/sync.c.obj
                0x00000000100004c0                next_striped_spin_lock_num
 .text.spin_lock_claim_unused
                0x00000000100004d8       0x20 CMakeFiles/main.dir/Users/cyrus/dev/pi/pico/pico-sdk/src/rp2_common/hardware_sync/sync.c.obj
                0x00000000100004d8                spin_lock_claim_unused
 .text.irq_set_enabled
                0x00000000100004f8       0x24 CMakeFiles/main.dir/Users/cyrus/dev/pi/pico/pico-sdk/src/rp2_common/hardware_irq/irq.c.obj
                0x00000000100004f8                irq_set_enabled
 .text.irq_set_pending
                0x000000001000051c       0x10 CMakeFiles/main.dir/Users/cyrus/dev/pi/pico/pico-sdk/src/rp2_common/hardware_irq/irq.c.obj
                0x000000001000051c                irq_set_pending
 .text.irq_has_shared_handler
                0x000000001000052c       0x2c CMakeFiles/main.dir/Users/cyrus/dev/pi/pico/pico-sdk/src/rp2_common/hardware_irq/irq.c.obj
                0x000000001000052c                irq_has_shared_handler
 .text.irq_get_vtable_handler
                0x0000000010000558       0x10 CMakeFiles/main.dir/Users/cyrus/dev/pi/pico/pico-sdk/src/rp2_common/hardware_irq/irq.c.obj
                0x0000000010000558                irq_get_vtable_handler
 .text.irq_set_exclusive_handler
                0x0000000010000568       0x54 CMakeFiles/main.dir/Users/cyrus/dev/pi/pico/pico-sdk/src/rp2_common/hardware_irq/irq.c.obj
                0x0000000010000568                irq_set_exclusive_handler
 .text.irq_add_shared_handler
                0x00000000100005bc      0x1e4 CMakeFiles/main.dir/Users/cyrus/dev/pi/pico/pico-sdk/src/rp2_common/hardware_irq/irq.c.obj
                0x00000000100005bc                irq_add_shared_handler
 .text.irq_remove_handler
                0x00000000100007a0      0x1b4 CMakeFiles/main.dir/Users/cyrus/dev/pi/pico/pico-sdk/src/rp2_common/hardware_irq/irq.c.obj
                0x00000000100007a0                irq_remove_handler
 .text.irq_add_tail_to_free_list
                0x0000000010000954       0xb4 CMakeFiles/main.dir/Users/cyrus/dev/pi/pico/pico-sdk/src/rp2_common/hardware_irq/irq.c.obj
                0x0000000010000954                irq_add_tail_to_free_list
 .text.irq_init_priorities
                0x0000000010000a08       0x24 CMakeFiles/main.dir/Users/cyrus/dev/pi/pico/pico-sdk/src/rp2_common/hardware_irq/irq.c.obj
                0x0000000010000a08                irq_init_priorities
 .text.user_irq_claim_unused
                0x0000000010000a2c       0x30 CMakeFiles/main.dir/Users/cyrus/dev/pi/pico/pico-sdk/src/rp2_common/hardware_irq/irq.c.obj
                0x0000000010000a2c                user_irq_claim_unused
 .text.lock_init
                0x0000000010000a5c       0x10 CMakeFiles/main.dir/Users/cyrus/dev/pi/pico/pico-sdk/src/common/pico_sync/lock_core.c.obj
                0x0000000010000a5c                lock_init
 .text.timer_pool_entry_comparator
                0x0000000010000a6c       0x34 CMakeFiles/main.dir/Users/cyrus/dev/pi/pico/pico-sdk/src/common/pico_time/time.c.obj
                0x0000000010000a6c                timer_pool_entry_comparator
 .text.sleep_until_callback
                0x0000000010000aa0       0x30 CMakeFiles/main.dir/Users/cyrus/dev/pi/pico/pico-sdk/src/common/pico_time/time.c.obj
 .text.add_alarm_under_lock.isra.0
                0x0000000010000ad0      0x100 CMakeFiles/main.dir/Users/cyrus/dev/pi/pico/pico-sdk/src/common/pico_time/time.c.obj
 .text.alarm_pool_alarm_callback
                0x0000000010000bd0      0x1c8 CMakeFiles/main.dir/Users/cyrus/dev/pi/pico/pico-sdk/src/common/pico_time/time.c.obj
 .text.alarm_pool_add_alarm_at.constprop.0
                0x0000000010000d98      0x11c CMakeFiles/main.dir/Users/cyrus/dev/pi/pico/pico-sdk/src/common/pico_time/time.c.obj
 .text.alarm_pool_init_default
                0x0000000010000eb4       0x64 CMakeFiles/main.dir/Users/cyrus/dev/pi/pico/pico-sdk/src/common/pico_time/time.c.obj
                0x0000000010000eb4                alarm_pool_init_default
 .text.alarm_pool_get_default
                0x0000000010000f18        0x8 CMakeFiles/main.dir/Users/cyrus/dev/pi/pico/pico-sdk/src/common/pico_time/time.c.obj
                0x0000000010000f18                alarm_pool_get_default
 .text.alarm_pool_add_alarm_at
                0x0000000010000f20      0x194 CMakeFiles/main.dir/Users/cyrus/dev/pi/pico/pico-sdk/src/common/pico_time/time.c.obj
                0x0000000010000f20                alarm_pool_add_alarm_at
 .text.sleep_until
                0x00000000100010b4       0xac CMakeFiles/main.dir/Users/cyrus/dev/pi/pico/pico-sdk/src/common/pico_time/time.c.obj
                0x00000000100010b4                sleep_until
 .text.sleep_ms
                0x0000000010001160       0x38 CMakeFiles/main.dir/Users/cyrus/dev/pi/pico/pico-sdk/src/common/pico_time/time.c.obj
                0x0000000010001160                sleep_ms
 .text.best_effort_wfe_or_timeout
                0x0000000010001198       0xd4 CMakeFiles/main.dir/Users/cyrus/dev/pi/pico/pico-sdk/src/common/pico_time/time.c.obj
                0x0000000010001198                best_effort_wfe_or_timeout
 .text.hardware_alarm_irq_handler
                0x000000001000126c       0xb8 CMakeFiles/main.dir/Users/cyrus/dev/pi/pico/pico-sdk/src/rp2_common/hardware_timer/timer.c.obj
 .text.hardware_alarm_claim
                0x0000000010001324       0x18 CMakeFiles/main.dir/Users/cyrus/dev/pi/pico/pico-sdk/src/rp2_common/hardware_timer/timer.c.obj
                0x0000000010001324                hardware_alarm_claim
 .text.time_us_64
                0x000000001000133c       0x14 CMakeFiles/main.dir/Users/cyrus/dev/pi/pico/pico-sdk/src/rp2_common/hardware_timer/timer.c.obj
                0x000000001000133c                time_us_64
 .text.busy_wait_until
                0x0000000010001350       0x20 CMakeFiles/main.dir/Users/cyrus/dev/pi/pico/pico-sdk/src/rp2_common/hardware_timer/timer.c.obj
                0x0000000010001350                busy_wait_until
 .text.hardware_alarm_set_callback
                0x0000000010001370       0x8c CMakeFiles/main.dir/Users/cyrus/dev/pi/pico/pico-sdk/src/rp2_common/hardware_timer/timer.c.obj
                0x0000000010001370                hardware_alarm_set_callback
 .text.hardware_alarm_set_target
                0x00000000100013fc       0xe0 CMakeFiles/main.dir/Users/cyrus/dev/pi/pico/pico-sdk/src/rp2_common/hardware_timer/timer.c.obj
                0x00000000100013fc                hardware_alarm_set_target
 .text.hardware_alarm_cancel
                0x00000000100014dc       0x3c CMakeFiles/main.dir/Users/cyrus/dev/pi/pico/pico-sdk/src/rp2_common/hardware_timer/timer.c.obj
                0x00000000100014dc                hardware_alarm_cancel
 .text.ph_merge_nodes
                0x0000000010001518       0x68 CMakeFiles/main.dir/Users/cyrus/dev/pi/pico/pico-sdk/src/common/pico_util/pheap.c.obj
 .text.ph_post_alloc_init
                0x0000000010001580       0x3c CMakeFiles/main.dir/Users/cyrus/dev/pi/pico/pico-sdk/src/common/pico_util/pheap.c.obj
                0x0000000010001580                ph_post_alloc_init
 .text.ph_merge_two_pass
                0x00000000100015bc       0x90 CMakeFiles/main.dir/Users/cyrus/dev/pi/pico/pico-sdk/src/common/pico_util/pheap.c.obj
                0x00000000100015bc                ph_merge_two_pass
 .text.ph_remove_any_head
                0x000000001000164c       0xf8 CMakeFiles/main.dir/Users/cyrus/dev/pi/pico/pico-sdk/src/common/pico_util/pheap.c.obj
 .text.ph_remove_head
                0x0000000010001744       0xfc CMakeFiles/main.dir/Users/cyrus/dev/pi/pico/pico-sdk/src/common/pico_util/pheap.c.obj
                0x0000000010001744                ph_remove_head
 .text.ph_remove_and_free_node
                0x0000000010001840       0x7c CMakeFiles/main.dir/Users/cyrus/dev/pi/pico/pico-sdk/src/common/pico_util/pheap.c.obj
                0x0000000010001840                ph_remove_and_free_node
 .text.mutex_init
                0x00000000100018bc       0x1c CMakeFiles/main.dir/Users/cyrus/dev/pi/pico/pico-sdk/src/common/pico_sync/mutex.c.obj
                0x00000000100018bc                mutex_init
 .text.recursive_mutex_init
                0x00000000100018d8       0x1c CMakeFiles/main.dir/Users/cyrus/dev/pi/pico/pico-sdk/src/common/pico_sync/mutex.c.obj
                0x00000000100018d8                recursive_mutex_init
 .text.critical_section_init
                0x00000000100018f4       0x20 CMakeFiles/main.dir/Users/cyrus/dev/pi/pico/pico-sdk/src/common/pico_sync/critical_section.c.obj
                0x00000000100018f4                critical_section_init
 .text.uart_init
                0x0000000010001914       0xe0 CMakeFiles/main.dir/Users/cyrus/dev/pi/pico/pico-sdk/src/rp2_common/hardware_uart/uart.c.obj
                0x0000000010001914                uart_init
 .text.runtime_init
                0x00000000100019f4       0xf0 CMakeFiles/main.dir/Users/cyrus/dev/pi/pico/pico-sdk/src/rp2_common/pico_runtime/runtime.c.obj
                0x00000000100019f4                runtime_init
 .text._sbrk    0x0000000010001ae4       0x34 CMakeFiles/main.dir/Users/cyrus/dev/pi/pico/pico-sdk/src/rp2_common/pico_runtime/runtime.c.obj
                0x0000000010001ae4                _sbrk
 .text.exit     0x0000000010001b18        0x4 CMakeFiles/main.dir/Users/cyrus/dev/pi/pico/pico-sdk/src/rp2_common/pico_runtime/runtime.c.obj
                0x0000000010001b18                exit
 .text.panic    0x0000000010001b1c       0x30 CMakeFiles/main.dir/Users/cyrus/dev/pi/pico/pico-sdk/src/rp2_common/pico_runtime/runtime.c.obj
                0x0000000010001b1c                panic
 .text.hard_assertion_failure
                0x0000000010001b4c        0xc CMakeFiles/main.dir/Users/cyrus/dev/pi/pico/pico-sdk/src/rp2_common/pico_runtime/runtime.c.obj
                0x0000000010001b4c                hard_assertion_failure
 .text.clocks_init
                0x0000000010001b58      0x2bc CMakeFiles/main.dir/Users/cyrus/dev/pi/pico/pico-sdk/src/rp2_common/hardware_clocks/clocks.c.obj
                0x0000000010001b58                clocks_init
 .text.clock_get_hz
                0x0000000010001e14        0xc CMakeFiles/main.dir/Users/cyrus/dev/pi/pico/pico-sdk/src/rp2_common/hardware_clocks/clocks.c.obj
                0x0000000010001e14                clock_get_hz
 .text.pll_init
                0x0000000010001e20       0xb0 CMakeFiles/main.dir/Users/cyrus/dev/pi/pico/pico-sdk/src/rp2_common/hardware_pll/pll.c.obj
                0x0000000010001e20                pll_init
 .text.watchdog_start_tick
                0x0000000010001ed0       0x10 CMakeFiles/main.dir/Users/cyrus/dev/pi/pico/pico-sdk/src/rp2_common/hardware_watchdog/watchdog.c.obj
                0x0000000010001ed0                watchdog_start_tick
 .text.watchdog_reboot
                0x0000000010001ee0       0x98 CMakeFiles/main.dir/Users/cyrus/dev/pi/pico/pico-sdk/src/rp2_common/hardware_watchdog/watchdog.c.obj
                0x0000000010001ee0                watchdog_reboot
 .text.xosc_init
                0x0000000010001f78       0x28 CMakeFiles/main.dir/Users/cyrus/dev/pi/pico/pico-sdk/src/rp2_common/hardware_xosc/xosc.c.obj
                0x0000000010001f78                xosc_init
 .text._out_null
                0x0000000010001fa0        0x4 CMakeFiles/main.dir/Users/cyrus/dev/pi/pico/pico-sdk/src/rp2_common/pico_printf/printf.c.obj
 .text._out_rev
                0x0000000010001fa4       0x9c CMakeFiles/main.dir/Users/cyrus/dev/pi/pico/pico-sdk/src/rp2_common/pico_printf/printf.c.obj
 .text._ntoa_format
                0x0000000010002040      0x1cc CMakeFiles/main.dir/Users/cyrus/dev/pi/pico/pico-sdk/src/rp2_common/pico_printf/printf.c.obj
 .text._out_char
                0x000000001000220c       0x10 CMakeFiles/main.dir/Users/cyrus/dev/pi/pico/pico-sdk/src/rp2_common/pico_printf/printf.c.obj
 .text._out_fct
                0x000000001000221c       0x10 CMakeFiles/main.dir/Users/cyrus/dev/pi/pico/pico-sdk/src/rp2_common/pico_printf/printf.c.obj
 .text._etoa    0x000000001000222c      0x44c CMakeFiles/main.dir/Users/cyrus/dev/pi/pico/pico-sdk/src/rp2_common/pico_printf/printf.c.obj
 .text._ftoa    0x0000000010002678      0x398 CMakeFiles/main.dir/Users/cyrus/dev/pi/pico/pico-sdk/src/rp2_common/pico_printf/printf.c.obj
 .text._vsnprintf
                0x0000000010002a10      0xb04 CMakeFiles/main.dir/Users/cyrus/dev/pi/pico/pico-sdk/src/rp2_common/pico_printf/printf.c.obj
 .text.vfctprintf
                0x0000000010003514       0x20 CMakeFiles/main.dir/Users/cyrus/dev/pi/pico/pico-sdk/src/rp2_common/pico_printf/printf.c.obj
                0x0000000010003514                vfctprintf
 .text.weak_raw_vprintf
                0x0000000010003534       0x30 CMakeFiles/main.dir/Users/cyrus/dev/pi/pico/pico-sdk/src/rp2_common/pico_printf/printf.c.obj
                0x0000000010003534                weak_raw_vprintf
 .text          0x0000000010003564       0x10 CMakeFiles/main.dir/Users/cyrus/dev/pi/pico/pico-sdk/src/rp2_common/pico_bit_ops/bit_ops_aeabi.S.obj
 .text.rom_func_lookup
                0x0000000010003574       0x10 CMakeFiles/main.dir/Users/cyrus/dev/pi/pico/pico-sdk/src/rp2_common/pico_bootrom/bootrom.c.obj
                0x0000000010003574                rom_func_lookup
 .text.rom_data_lookup
                0x0000000010003584       0x10 CMakeFiles/main.dir/Users/cyrus/dev/pi/pico/pico-sdk/src/rp2_common/pico_bootrom/bootrom.c.obj
                0x0000000010003584                rom_data_lookup
 .text.rom_funcs_lookup
                0x0000000010003594       0x44 CMakeFiles/main.dir/Users/cyrus/dev/pi/pico/pico-sdk/src/rp2_common/pico_bootrom/bootrom.c.obj
                0x0000000010003594                rom_funcs_lookup
 .text.__wrap___aeabi_idiv
                0x00000000100035d8       0x50 CMakeFiles/main.dir/Users/cyrus/dev/pi/pico/pico-sdk/src/rp2_common/pico_divider/divider.S.obj
                0x00000000100035d8                __wrap___aeabi_idivmod
                0x00000000100035d8                divmod_s32s32
                0x00000000100035d8                div_s32s32
                0x00000000100035d8                __wrap___aeabi_idiv
                0x00000000100035e0                divmod_s32s32_unsafe
                0x000000001000360c                divmod_s32s32_savestate
 .text.__wrap___aeabi_uidiv
                0x0000000010003628       0x4c CMakeFiles/main.dir/Users/cyrus/dev/pi/pico/pico-sdk/src/rp2_common/pico_divider/divider.S.obj
                0x0000000010003628                __wrap___aeabi_uidiv
                0x0000000010003628                __wrap___aeabi_uidivmod
                0x0000000010003628                div_u32u32
                0x0000000010003628                divmod_u32u32
                0x0000000010003630                divmod_u32u32_unsafe
                0x0000000010003658                divmod_u32u32_savestate
 .text.__wrap___aeabi_ldiv
                0x0000000010003674      0x434 CMakeFiles/main.dir/Users/cyrus/dev/pi/pico/pico-sdk/src/rp2_common/pico_divider/divider.S.obj
                0x0000000010003674                __wrap___aeabi_ldivmod
                0x0000000010003674                div_s64s64
                0x0000000010003674                divmod_s64s64
                0x00000000100036ac                divmod_u64u64
                0x00000000100036ac                div_u64u64
                0x00000000100036ac                __wrap___aeabi_uldivmod
                0x00000000100036bc                divmod_u64u64_savestate
                0x00000000100036e4                divmod_s64s64_unsafe
                0x000000001000376c                divmod_u64u64_unsafe
 .text.__wrap___aeabi_darithmetic
                0x0000000010003aa8       0x80 CMakeFiles/main.dir/Users/cyrus/dev/pi/pico/pico-sdk/src/rp2_common/pico_double/double_aeabi.S.obj
                0x0000000010003aa8                __wrap___aeabi_drsub
                0x0000000010003aae                __wrap___aeabi_dsub
                0x0000000010003ac0                __wrap___aeabi_dadd
                0x0000000010003ad2                __wrap___aeabi_ddiv
                0x0000000010003b0e                __wrap___aeabi_dmul
 .text.__wrap___aeabi_cdcmple
                0x0000000010003b28       0x6c CMakeFiles/main.dir/Users/cyrus/dev/pi/pico/pico-sdk/src/rp2_common/pico_double/double_aeabi.S.obj
                0x0000000010003b28                __wrap___aeabi_cdrcmple
                0x0000000010003b38                __wrap___aeabi_cdcmple
                0x0000000010003b38                __wrap___aeabi_cdcmpeq
 .text.__wrap___aeabi_dcmplt
                0x0000000010003b94        0xc CMakeFiles/main.dir/Users/cyrus/dev/pi/pico/pico-sdk/src/rp2_common/pico_double/double_aeabi.S.obj
                0x0000000010003b94                __wrap___aeabi_dcmplt
 .text.__wrap___aeabi_dcmple
                0x0000000010003ba0       0x10 CMakeFiles/main.dir/Users/cyrus/dev/pi/pico/pico-sdk/src/rp2_common/pico_double/double_aeabi.S.obj
                0x0000000010003ba0                __wrap___aeabi_dcmple
 .text.__wrap___aeabi_dcmpge
                0x0000000010003bb0       0x10 CMakeFiles/main.dir/Users/cyrus/dev/pi/pico/pico-sdk/src/rp2_common/pico_double/double_aeabi.S.obj
                0x0000000010003bb0                __wrap___aeabi_dcmpge
 .text.__wrap___aeabi_dcmpgt
                0x0000000010003bc0        0xa CMakeFiles/main.dir/Users/cyrus/dev/pi/pico/pico-sdk/src/rp2_common/pico_double/double_aeabi.S.obj
                0x0000000010003bc0                __wrap___aeabi_dcmpgt
 .text.__wrap___aeabi_dcmpun
                0x0000000010003bca       0x1c CMakeFiles/main.dir/Users/cyrus/dev/pi/pico/pico-sdk/src/rp2_common/pico_double/double_aeabi.S.obj
                0x0000000010003bca                __wrap___aeabi_dcmpun
 *fill*         0x0000000010003be6        0x2 
 .text.__wrap___aeabi_i2d
                0x0000000010003be8       0x38 CMakeFiles/main.dir/Users/cyrus/dev/pi/pico/pico-sdk/src/rp2_common/pico_double/double_aeabi.S.obj
                0x0000000010003be8                __wrap___aeabi_ui2d
                0x0000000010003bf0                __wrap___aeabi_i2d
 .text.__wrap___aeabi_d2iz
                0x0000000010003c20       0x48 CMakeFiles/main.dir/Users/cyrus/dev/pi/pico/pico-sdk/src/rp2_common/pico_double/double_aeabi.S.obj
                0x0000000010003c20                __wrap___aeabi_d2iz
                0x0000000010003c20                double2int_z
 .text.__wrap___aeabi_d2uiz
                0x0000000010003c68       0x18 CMakeFiles/main.dir/Users/cyrus/dev/pi/pico/pico-sdk/src/rp2_common/pico_double/double_aeabi.S.obj
                0x0000000010003c68                double2uint
                0x0000000010003c68                __wrap___aeabi_d2uiz
 .text.__aeabi_double_init
                0x0000000010003c80       0x94 CMakeFiles/main.dir/Users/cyrus/dev/pi/pico/pico-sdk/src/rp2_common/pico_double/double_init_rom.c.obj
                0x0000000010003c80                __aeabi_double_init
 .text.double_table_shim_on_use_helper
                0x0000000010003d14       0x2c CMakeFiles/main.dir/Users/cyrus/dev/pi/pico/pico-sdk/src/rp2_common/pico_double/double_v1_rom_shim.S.obj
                0x0000000010003d14                double_table_shim_on_use_helper
 .text.__wrap___aeabi_dsub
                0x0000000010003d40       0x10 CMakeFiles/main.dir/Users/cyrus/dev/pi/pico/pico-sdk/src/rp2_common/pico_double/double_v1_rom_shim.S.obj
                0x0000000010003d40                drsub_shim
                0x0000000010003d46                dsub_shim
 .text.dadd_shim
                0x0000000010003d50      0x15c CMakeFiles/main.dir/Users/cyrus/dev/pi/pico/pico-sdk/src/rp2_common/pico_double/double_v1_rom_shim.S.obj
                0x0000000010003d50                dadd_shim
 .text.dmul_shim
                0x0000000010003eac      0x15c CMakeFiles/main.dir/Users/cyrus/dev/pi/pico/pico-sdk/src/rp2_common/pico_double/double_v1_rom_shim.S.obj
                0x0000000010003eac                dmul_shim
 .text.ddiv_shim
                0x0000000010004008      0x1b0 CMakeFiles/main.dir/Users/cyrus/dev/pi/pico/pico-sdk/src/rp2_common/pico_double/double_v1_rom_shim.S.obj
                0x0000000010004008                ddiv_shim
 .text.double2uint_shim
                0x00000000100041b8        0xe CMakeFiles/main.dir/Users/cyrus/dev/pi/pico/pico-sdk/src/rp2_common/pico_double/double_v1_rom_shim.S.obj
                0x00000000100041b8                double2uint_shim
                0x00000000100041ba                double2ufix_shim
 *fill*         0x00000000100041c6        0x2 
 .text.double2uint64_shim
                0x00000000100041c8       0x70 CMakeFiles/main.dir/Users/cyrus/dev/pi/pico/pico-sdk/src/rp2_common/pico_double/double_v1_rom_shim.S.obj
                0x00000000100041c8                double2uint64_shim
                0x00000000100041ca                double2ufix64_shim
                0x00000000100041ea                d2fix_a
 .text.dunpacks
                0x0000000010004238       0x3c CMakeFiles/main.dir/Users/cyrus/dev/pi/pico/pico-sdk/src/rp2_common/pico_double/double_v1_rom_shim.S.obj
                0x0000000010004238                dunpacks
 .text.__aeabi_lmul
                0x0000000010004274       0x32 CMakeFiles/main.dir/Users/cyrus/dev/pi/pico/pico-sdk/src/rp2_common/pico_int64_ops/pico_int64_ops_aeabi.S.obj
                0x0000000010004274                __wrap___aeabi_lmul
 *fill*         0x00000000100042a6        0x2 
 .text.__aeabi_float_init
                0x00000000100042a8       0x64 CMakeFiles/main.dir/Users/cyrus/dev/pi/pico/pico-sdk/src/rp2_common/pico_float/float_init_rom.c.obj
                0x00000000100042a8                __aeabi_float_init
 .text.float_table_shim_on_use_helper
                0x000000001000430c       0x2c CMakeFiles/main.dir/Users/cyrus/dev/pi/pico/pico-sdk/src/rp2_common/pico_float/float_v1_rom_shim.S.obj
                0x000000001000430c                float_table_shim_on_use_helper
 .text.__wrap_malloc
                0x0000000010004338       0x24 CMakeFiles/main.dir/Users/cyrus/dev/pi/pico/pico-sdk/src/rp2_common/pico_malloc/pico_malloc.c.obj
                0x0000000010004338                __wrap_malloc
 .text          0x000000001000435c       0x10 CMakeFiles/main.dir/Users/cyrus/dev/pi/pico/pico-sdk/src/rp2_common/pico_mem_ops/mem_ops_aeabi.S.obj
                0x000000001000435c                __aeabi_mem_init
 .text.memset   0x000000001000436c        0xc CMakeFiles/main.dir/Users/cyrus/dev/pi/pico/pico-sdk/src/rp2_common/pico_mem_ops/mem_ops_aeabi.S.obj
                0x000000001000436c                __wrap_memset
 .text.memcpy   0x0000000010004378        0xc CMakeFiles/main.dir/Users/cyrus/dev/pi/pico/pico-sdk/src/rp2_common/pico_mem_ops/mem_ops_aeabi.S.obj
                0x0000000010004378                __wrap___aeabi_memcpy
                0x0000000010004378                __wrap_memcpy
 .text.stdio_out_chars_no_crlf
                0x0000000010004384       0x10 CMakeFiles/main.dir/Users/cyrus/dev/pi/pico/pico-sdk/src/rp2_common/pico_stdio/stdio.c.obj
 .text.stdio_out_chars_crlf
                0x0000000010004394       0xb4 CMakeFiles/main.dir/Users/cyrus/dev/pi/pico/pico-sdk/src/rp2_common/pico_stdio/stdio.c.obj
 .text.stdio_buffered_printer
                0x0000000010004448       0x64 CMakeFiles/main.dir/Users/cyrus/dev/pi/pico/pico-sdk/src/rp2_common/pico_stdio/stdio.c.obj
 .text.stdio_put_string.isra.0
                0x00000000100044ac       0xfc CMakeFiles/main.dir/Users/cyrus/dev/pi/pico/pico-sdk/src/rp2_common/pico_stdio/stdio.c.obj
 .text.__wrap_putchar
                0x00000000100045a8       0xa0 CMakeFiles/main.dir/Users/cyrus/dev/pi/pico/pico-sdk/src/rp2_common/pico_stdio/stdio.c.obj
                0x00000000100045a8                __wrap_putchar
 .text.__wrap_puts
                0x0000000010004648       0x3c CMakeFiles/main.dir/Users/cyrus/dev/pi/pico/pico-sdk/src/rp2_common/pico_stdio/stdio.c.obj
                0x0000000010004648                __wrap_puts
 .text.stdio_set_driver_enabled
                0x0000000010004684       0x30 CMakeFiles/main.dir/Users/cyrus/dev/pi/pico/pico-sdk/src/rp2_common/pico_stdio/stdio.c.obj
                0x0000000010004684                stdio_set_driver_enabled
 .text.__wrap_vprintf
                0x00000000100046b4       0xd8 CMakeFiles/main.dir/Users/cyrus/dev/pi/pico/pico-sdk/src/rp2_common/pico_stdio/stdio.c.obj
                0x00000000100046b4                __wrap_vprintf
 .text.__wrap_printf
                0x000000001000478c       0x18 CMakeFiles/main.dir/Users/cyrus/dev/pi/pico/pico-sdk/src/rp2_common/pico_stdio/stdio.c.obj
                0x000000001000478c                __wrap_printf
 .text.stdio_init_all
                0x00000000100047a4        0xc CMakeFiles/main.dir/Users/cyrus/dev/pi/pico/pico-sdk/src/rp2_common/pico_stdio/stdio.c.obj
                0x00000000100047a4                stdio_init_all
 .text.stdio_uart_out_chars
                0x00000000100047b0       0x4c CMakeFiles/main.dir/Users/cyrus/dev/pi/pico/pico-sdk/src/rp2_common/pico_stdio_uart/stdio_uart.c.obj
 .text.stdio_uart_in_chars
                0x00000000100047fc       0x38 CMakeFiles/main.dir/Users/cyrus/dev/pi/pico/pico-sdk/src/rp2_common/pico_stdio_uart/stdio_uart.c.obj
                0x00000000100047fc                stdio_uart_in_chars
 .text.stdio_uart_init
                0x0000000010004834       0x48 CMakeFiles/main.dir/Users/cyrus/dev/pi/pico/pico-sdk/src/rp2_common/pico_stdio_uart/stdio_uart.c.obj
                0x0000000010004834                stdio_uart_init
 .text.resetd_init
                0x000000001000487c        0x4 CMakeFiles/main.dir/Users/cyrus/dev/pi/pico/pico-sdk/src/rp2_common/pico_stdio_usb/reset_interface.c.obj
 .text.resetd_reset
                0x0000000010004880        0xc CMakeFiles/main.dir/Users/cyrus/dev/pi/pico/pico-sdk/src/rp2_common/pico_stdio_usb/reset_interface.c.obj
 .text.resetd_open
                0x000000001000488c       0x28 CMakeFiles/main.dir/Users/cyrus/dev/pi/pico/pico-sdk/src/rp2_common/pico_stdio_usb/reset_interface.c.obj
 .text.resetd_xfer_cb
                0x00000000100048b4        0x4 CMakeFiles/main.dir/Users/cyrus/dev/pi/pico/pico-sdk/src/rp2_common/pico_stdio_usb/reset_interface.c.obj
 .text.resetd_control_xfer_cb
                0x00000000100048b8       0x64 CMakeFiles/main.dir/Users/cyrus/dev/pi/pico/pico-sdk/src/rp2_common/pico_stdio_usb/reset_interface.c.obj
 .text.usbd_app_driver_get_cb
                0x000000001000491c        0xc CMakeFiles/main.dir/Users/cyrus/dev/pi/pico/pico-sdk/src/rp2_common/pico_stdio_usb/reset_interface.c.obj
                0x000000001000491c                usbd_app_driver_get_cb
 .text.tud_cdc_line_coding_cb
                0x0000000010004928       0x34 CMakeFiles/main.dir/Users/cyrus/dev/pi/pico/pico-sdk/src/rp2_common/pico_stdio_usb/reset_interface.c.obj
                0x0000000010004928                tud_cdc_line_coding_cb
 .text.stdio_usb_in_chars
                0x000000001000495c       0x68 CMakeFiles/main.dir/Users/cyrus/dev/pi/pico/pico-sdk/src/rp2_common/pico_stdio_usb/stdio_usb.c.obj
                0x000000001000495c                stdio_usb_in_chars
 .text.stdio_usb_out_chars
                0x00000000100049c4       0xe4 CMakeFiles/main.dir/Users/cyrus/dev/pi/pico/pico-sdk/src/rp2_common/pico_stdio_usb/stdio_usb.c.obj
 .text.timer_task
                0x0000000010004aa8       0x18 CMakeFiles/main.dir/Users/cyrus/dev/pi/pico/pico-sdk/src/rp2_common/pico_stdio_usb/stdio_usb.c.obj
 .text.usb_irq  0x0000000010004ac0       0x10 CMakeFiles/main.dir/Users/cyrus/dev/pi/pico/pico-sdk/src/rp2_common/pico_stdio_usb/stdio_usb.c.obj
 .text.low_priority_worker_irq
                0x0000000010004ad0       0x24 CMakeFiles/main.dir/Users/cyrus/dev/pi/pico/pico-sdk/src/rp2_common/pico_stdio_usb/stdio_usb.c.obj
 .text.stdio_usb_init
                0x0000000010004af4       0xb0 CMakeFiles/main.dir/Users/cyrus/dev/pi/pico/pico-sdk/src/rp2_common/pico_stdio_usb/stdio_usb.c.obj
                0x0000000010004af4                stdio_usb_init
 .text.tud_descriptor_device_cb
                0x0000000010004ba4        0x8 CMakeFiles/main.dir/Users/cyrus/dev/pi/pico/pico-sdk/src/rp2_common/pico_stdio_usb/stdio_usb_descriptors.c.obj
                0x0000000010004ba4                tud_descriptor_device_cb
 .text.tud_descriptor_configuration_cb
                0x0000000010004bac        0x8 CMakeFiles/main.dir/Users/cyrus/dev/pi/pico/pico-sdk/src/rp2_common/pico_stdio_usb/stdio_usb_descriptors.c.obj
                0x0000000010004bac                tud_descriptor_configuration_cb
 .text.tud_descriptor_string_cb
                0x0000000010004bb4       0x74 CMakeFiles/main.dir/Users/cyrus/dev/pi/pico/pico-sdk/src/rp2_common/pico_stdio_usb/stdio_usb_descriptors.c.obj
                0x0000000010004bb4                tud_descriptor_string_cb
 .text.dcd_rp2040_irq
                0x0000000010004c28      0x21c CMakeFiles/main.dir/Users/cyrus/dev/pi/pico/pico-sdk/lib/tinyusb/src/portable/raspberrypi/rp2040/dcd_rp2040.c.obj
 .text.dcd_int_enable
                0x0000000010004e44        0xc CMakeFiles/main.dir/Users/cyrus/dev/pi/pico/pico-sdk/lib/tinyusb/src/portable/raspberrypi/rp2040/dcd_rp2040.c.obj
                0x0000000010004e44                dcd_int_enable
 .text.dcd_set_address
                0x0000000010004e50       0x14 CMakeFiles/main.dir/Users/cyrus/dev/pi/pico/pico-sdk/lib/tinyusb/src/portable/raspberrypi/rp2040/dcd_rp2040.c.obj
                0x0000000010004e50                dcd_set_address
 .text.dcd_connect
                0x0000000010004e64       0x10 CMakeFiles/main.dir/Users/cyrus/dev/pi/pico/pico-sdk/lib/tinyusb/src/portable/raspberrypi/rp2040/dcd_rp2040.c.obj
                0x0000000010004e64                dcd_connect
 .text.dcd_init
                0x0000000010004e74      0x144 CMakeFiles/main.dir/Users/cyrus/dev/pi/pico/pico-sdk/lib/tinyusb/src/portable/raspberrypi/rp2040/dcd_rp2040.c.obj
                0x0000000010004e74                dcd_init
 .text.dcd_edpt0_status_complete
                0x0000000010004fb8       0x1c CMakeFiles/main.dir/Users/cyrus/dev/pi/pico/pico-sdk/lib/tinyusb/src/portable/raspberrypi/rp2040/dcd_rp2040.c.obj
                0x0000000010004fb8                dcd_edpt0_status_complete
 .text.dcd_edpt_open
                0x0000000010004fd4       0xf0 CMakeFiles/main.dir/Users/cyrus/dev/pi/pico/pico-sdk/lib/tinyusb/src/portable/raspberrypi/rp2040/dcd_rp2040.c.obj
                0x0000000010004fd4                dcd_edpt_open
 .text.dcd_edpt_close_all
                0x00000000100050c4       0xbc CMakeFiles/main.dir/Users/cyrus/dev/pi/pico/pico-sdk/lib/tinyusb/src/portable/raspberrypi/rp2040/dcd_rp2040.c.obj
                0x00000000100050c4                dcd_edpt_close_all
 .text.dcd_edpt_xfer
                0x0000000010005180       0x24 CMakeFiles/main.dir/Users/cyrus/dev/pi/pico/pico-sdk/lib/tinyusb/src/portable/raspberrypi/rp2040/dcd_rp2040.c.obj
                0x0000000010005180                dcd_edpt_xfer
 .text.dcd_edpt_stall
                0x00000000100051a4       0x38 CMakeFiles/main.dir/Users/cyrus/dev/pi/pico/pico-sdk/lib/tinyusb/src/portable/raspberrypi/rp2040/dcd_rp2040.c.obj
                0x00000000100051a4                dcd_edpt_stall
 .text.dcd_edpt_clear_stall
                0x00000000100051dc       0x30 CMakeFiles/main.dir/Users/cyrus/dev/pi/pico/pico-sdk/lib/tinyusb/src/portable/raspberrypi/rp2040/dcd_rp2040.c.obj
                0x00000000100051dc                dcd_edpt_clear_stall
 .text._hw_endpoint_buffer_control_update32.part.0.isra.0
                0x000000001000520c       0x1c CMakeFiles/main.dir/Users/cyrus/dev/pi/pico/pico-sdk/lib/tinyusb/src/portable/raspberrypi/rp2040/rp2040_usb.c.obj
 .text.rp2040_usb_init
                0x0000000010005228       0x4c CMakeFiles/main.dir/Users/cyrus/dev/pi/pico/pico-sdk/lib/tinyusb/src/portable/raspberrypi/rp2040/rp2040_usb.c.obj
                0x0000000010005228                rp2040_usb_init
 .text.hw_endpoint_reset_transfer
                0x0000000010005274        0xc CMakeFiles/main.dir/Users/cyrus/dev/pi/pico/pico-sdk/lib/tinyusb/src/portable/raspberrypi/rp2040/rp2040_usb.c.obj
                0x0000000010005274                hw_endpoint_reset_transfer
 .text._hw_endpoint_buffer_control_update32
                0x0000000010005280       0x44 CMakeFiles/main.dir/Users/cyrus/dev/pi/pico/pico-sdk/lib/tinyusb/src/portable/raspberrypi/rp2040/rp2040_usb.c.obj
                0x0000000010005280                _hw_endpoint_buffer_control_update32
 .text.hw_endpoint_xfer_start
                0x00000000100052c4      0x138 CMakeFiles/main.dir/Users/cyrus/dev/pi/pico/pico-sdk/lib/tinyusb/src/portable/raspberrypi/rp2040/rp2040_usb.c.obj
                0x00000000100052c4                hw_endpoint_xfer_start
 .text.hw_endpoint_xfer_continue
                0x00000000100053fc      0x1e4 CMakeFiles/main.dir/Users/cyrus/dev/pi/pico/pico-sdk/lib/tinyusb/src/portable/raspberrypi/rp2040/rp2040_usb.c.obj
                0x00000000100053fc                hw_endpoint_xfer_continue
 .text.tud_mounted
                0x00000000100055e0       0x10 CMakeFiles/main.dir/Users/cyrus/dev/pi/pico/pico-sdk/lib/tinyusb/src/device/usbd.c.obj
                0x00000000100055e0                tud_mounted
 .text.tud_suspended
                0x00000000100055f0       0x10 CMakeFiles/main.dir/Users/cyrus/dev/pi/pico/pico-sdk/lib/tinyusb/src/device/usbd.c.obj
                0x00000000100055f0                tud_suspended
 .text.tud_inited
                0x0000000010005600        0xc CMakeFiles/main.dir/Users/cyrus/dev/pi/pico/pico-sdk/lib/tinyusb/src/device/usbd.c.obj
                0x0000000010005600                tud_inited
 .text.tud_init
                0x000000001000560c       0xd8 CMakeFiles/main.dir/Users/cyrus/dev/pi/pico/pico-sdk/lib/tinyusb/src/device/usbd.c.obj
                0x000000001000560c                tud_init
 .text.tud_task
                0x00000000100056e4      0x8ec CMakeFiles/main.dir/Users/cyrus/dev/pi/pico/pico-sdk/lib/tinyusb/src/device/usbd.c.obj
                0x00000000100056e4                tud_task
 .text.dcd_event_bus_signal
                0x0000000010005fd0      0x120 CMakeFiles/main.dir/Users/cyrus/dev/pi/pico/pico-sdk/lib/tinyusb/src/device/usbd.c.obj
                0x0000000010005fd0                dcd_event_bus_signal
 .text.dcd_event_bus_reset
                0x00000000100060f0       0x54 CMakeFiles/main.dir/Users/cyrus/dev/pi/pico/pico-sdk/lib/tinyusb/src/device/usbd.c.obj
                0x00000000100060f0                dcd_event_bus_reset
 .text.dcd_event_setup_received
                0x0000000010006144       0x50 CMakeFiles/main.dir/Users/cyrus/dev/pi/pico/pico-sdk/lib/tinyusb/src/device/usbd.c.obj
                0x0000000010006144                dcd_event_setup_received
 .text.dcd_event_xfer_complete
                0x0000000010006194       0x68 CMakeFiles/main.dir/Users/cyrus/dev/pi/pico/pico-sdk/lib/tinyusb/src/device/usbd.c.obj
                0x0000000010006194                dcd_event_xfer_complete
 .text.usbd_open_edpt_pair
                0x00000000100061fc       0x80 CMakeFiles/main.dir/Users/cyrus/dev/pi/pico/pico-sdk/lib/tinyusb/src/device/usbd.c.obj
                0x00000000100061fc                usbd_open_edpt_pair
 .text.usbd_edpt_open
                0x000000001000627c       0x30 CMakeFiles/main.dir/Users/cyrus/dev/pi/pico/pico-sdk/lib/tinyusb/src/device/usbd.c.obj
                0x000000001000627c                usbd_edpt_open
 .text.usbd_edpt_claim
                0x00000000100062ac       0x64 CMakeFiles/main.dir/Users/cyrus/dev/pi/pico/pico-sdk/lib/tinyusb/src/device/usbd.c.obj
                0x00000000100062ac                usbd_edpt_claim
 .text.usbd_edpt_release
                0x0000000010006310       0x4c CMakeFiles/main.dir/Users/cyrus/dev/pi/pico/pico-sdk/lib/tinyusb/src/device/usbd.c.obj
                0x0000000010006310                usbd_edpt_release
 .text.usbd_edpt_xfer
                0x000000001000635c       0x48 CMakeFiles/main.dir/Users/cyrus/dev/pi/pico/pico-sdk/lib/tinyusb/src/device/usbd.c.obj
                0x000000001000635c                usbd_edpt_xfer
 .text.tud_control_status
                0x00000000100063a4       0x30 CMakeFiles/main.dir/Users/cyrus/dev/pi/pico/pico-sdk/lib/tinyusb/src/device/usbd_control.c.obj
                0x00000000100063a4                tud_control_status
 .text.tud_control_xfer
                0x00000000100063d4       0xbc CMakeFiles/main.dir/Users/cyrus/dev/pi/pico/pico-sdk/lib/tinyusb/src/device/usbd_control.c.obj
                0x00000000100063d4                tud_control_xfer
 .text.usbd_control_reset
                0x0000000010006490       0x14 CMakeFiles/main.dir/Users/cyrus/dev/pi/pico/pico-sdk/lib/tinyusb/src/device/usbd_control.c.obj
                0x0000000010006490                usbd_control_reset
 .text.usbd_control_set_complete_callback
                0x00000000100064a4        0xc CMakeFiles/main.dir/Users/cyrus/dev/pi/pico/pico-sdk/lib/tinyusb/src/device/usbd_control.c.obj
                0x00000000100064a4                usbd_control_set_complete_callback
 .text.usbd_control_set_request
                0x00000000100064b0       0x1c CMakeFiles/main.dir/Users/cyrus/dev/pi/pico/pico-sdk/lib/tinyusb/src/device/usbd_control.c.obj
                0x00000000100064b0                usbd_control_set_request
 .text.usbd_control_xfer_cb
                0x00000000100064cc       0xfc CMakeFiles/main.dir/Users/cyrus/dev/pi/pico/pico-sdk/lib/tinyusb/src/device/usbd_control.c.obj
                0x00000000100064cc                usbd_control_xfer_cb
 .text.tud_cdc_n_connected
                0x00000000100065c8       0x30 CMakeFiles/main.dir/Users/cyrus/dev/pi/pico/pico-sdk/lib/tinyusb/src/class/cdc/cdc_device.c.obj
                0x00000000100065c8                tud_cdc_n_connected
 .text.tud_cdc_n_available
                0x00000000100065f8       0x18 CMakeFiles/main.dir/Users/cyrus/dev/pi/pico/pico-sdk/lib/tinyusb/src/class/cdc/cdc_device.c.obj
                0x00000000100065f8                tud_cdc_n_available
 .text.tud_cdc_n_read
                0x0000000010006610       0x70 CMakeFiles/main.dir/Users/cyrus/dev/pi/pico/pico-sdk/lib/tinyusb/src/class/cdc/cdc_device.c.obj
                0x0000000010006610                tud_cdc_n_read
 .text.tud_cdc_n_write_flush
                0x0000000010006680       0x78 CMakeFiles/main.dir/Users/cyrus/dev/pi/pico/pico-sdk/lib/tinyusb/src/class/cdc/cdc_device.c.obj
                0x0000000010006680                tud_cdc_n_write_flush
 .text.tud_cdc_n_write
                0x00000000100066f8       0x34 CMakeFiles/main.dir/Users/cyrus/dev/pi/pico/pico-sdk/lib/tinyusb/src/class/cdc/cdc_device.c.obj
                0x00000000100066f8                tud_cdc_n_write
 .text.tud_cdc_n_write_available
                0x000000001000672c       0x18 CMakeFiles/main.dir/Users/cyrus/dev/pi/pico/pico-sdk/lib/tinyusb/src/class/cdc/cdc_device.c.obj
                0x000000001000672c                tud_cdc_n_write_available
 .text.cdcd_init
                0x0000000010006744       0x7c CMakeFiles/main.dir/Users/cyrus/dev/pi/pico/pico-sdk/lib/tinyusb/src/class/cdc/cdc_device.c.obj
                0x0000000010006744                cdcd_init
 .text.cdcd_reset
                0x00000000100067c0       0x2c CMakeFiles/main.dir/Users/cyrus/dev/pi/pico/pico-sdk/lib/tinyusb/src/class/cdc/cdc_device.c.obj
                0x00000000100067c0                cdcd_reset
 .text.cdcd_open
                0x00000000100067ec       0xe4 CMakeFiles/main.dir/Users/cyrus/dev/pi/pico/pico-sdk/lib/tinyusb/src/class/cdc/cdc_device.c.obj
                0x00000000100067ec                cdcd_open
 .text.cdcd_control_xfer_cb
                0x00000000100068d0       0xe4 CMakeFiles/main.dir/Users/cyrus/dev/pi/pico/pico-sdk/lib/tinyusb/src/class/cdc/cdc_device.c.obj
                0x00000000100068d0                cdcd_control_xfer_cb
 .text.cdcd_xfer_cb
                0x00000000100069b4      0x148 CMakeFiles/main.dir/Users/cyrus/dev/pi/pico/pico-sdk/lib/tinyusb/src/class/cdc/cdc_device.c.obj
                0x00000000100069b4                cdcd_xfer_cb
 .text.tusb_init
                0x0000000010006afc        0xc CMakeFiles/main.dir/Users/cyrus/dev/pi/pico/pico-sdk/lib/tinyusb/src/tusb.c.obj
                0x0000000010006afc                tusb_init
 .text.tusb_inited
                0x0000000010006b08        0x8 CMakeFiles/main.dir/Users/cyrus/dev/pi/pico/pico-sdk/lib/tinyusb/src/tusb.c.obj
                0x0000000010006b08                tusb_inited
 .text.tu_edpt_validate
                0x0000000010006b10       0x78 CMakeFiles/main.dir/Users/cyrus/dev/pi/pico/pico-sdk/lib/tinyusb/src/tusb.c.obj
                0x0000000010006b10                tu_edpt_validate
 .text.tu_edpt_bind_driver
                0x0000000010006b88       0x2c CMakeFiles/main.dir/Users/cyrus/dev/pi/pico/pico-sdk/lib/tinyusb/src/tusb.c.obj
                0x0000000010006b88                tu_edpt_bind_driver
 .text.tu_fifo_config
                0x0000000010006bb4       0x78 CMakeFiles/main.dir/Users/cyrus/dev/pi/pico/pico-sdk/lib/tinyusb/src/common/tusb_fifo.c.obj
                0x0000000010006bb4                tu_fifo_config
 .text.tu_fifo_count
                0x0000000010006c2c       0x20 CMakeFiles/main.dir/Users/cyrus/dev/pi/pico/pico-sdk/lib/tinyusb/src/common/tusb_fifo.c.obj
                0x0000000010006c2c                tu_fifo_count
 .text.tu_fifo_empty
                0x0000000010006c4c       0x10 CMakeFiles/main.dir/Users/cyrus/dev/pi/pico/pico-sdk/lib/tinyusb/src/common/tusb_fifo.c.obj
                0x0000000010006c4c                tu_fifo_empty
 .text.tu_fifo_remaining
                0x0000000010006c5c       0x1c CMakeFiles/main.dir/Users/cyrus/dev/pi/pico/pico-sdk/lib/tinyusb/src/common/tusb_fifo.c.obj
                0x0000000010006c5c                tu_fifo_remaining
 .text.tu_fifo_read
                0x0000000010006c78       0x9c CMakeFiles/main.dir/Users/cyrus/dev/pi/pico/pico-sdk/lib/tinyusb/src/common/tusb_fifo.c.obj
                0x0000000010006c78                tu_fifo_read
 .text.tu_fifo_read_n
                0x0000000010006d14      0x100 CMakeFiles/main.dir/Users/cyrus/dev/pi/pico/pico-sdk/lib/tinyusb/src/common/tusb_fifo.c.obj
                0x0000000010006d14                tu_fifo_read_n
 .text.tu_fifo_write
                0x0000000010006e14       0x7c CMakeFiles/main.dir/Users/cyrus/dev/pi/pico/pico-sdk/lib/tinyusb/src/common/tusb_fifo.c.obj
                0x0000000010006e14                tu_fifo_write
 .text.tu_fifo_write_n
                0x0000000010006e90      0x100 CMakeFiles/main.dir/Users/cyrus/dev/pi/pico/pico-sdk/lib/tinyusb/src/common/tusb_fifo.c.obj
                0x0000000010006e90                tu_fifo_write_n
 .text.tu_fifo_clear
                0x0000000010006f90       0x4c CMakeFiles/main.dir/Users/cyrus/dev/pi/pico/pico-sdk/lib/tinyusb/src/common/tusb_fifo.c.obj
                0x0000000010006f90                tu_fifo_clear
 .text.tu_fifo_set_overwritable
                0x0000000010006fdc       0x3c CMakeFiles/main.dir/Users/cyrus/dev/pi/pico/pico-sdk/lib/tinyusb/src/common/tusb_fifo.c.obj
                0x0000000010006fdc                tu_fifo_set_overwritable
 .text.startup._retrieve_unique_id_on_boot
                0x0000000010007018       0x10 CMakeFiles/main.dir/Users/cyrus/dev/pi/pico/pico-sdk/src/rp2_common/pico_unique_id/unique_id.c.obj
 .text.pico_get_unique_board_id_string
                0x0000000010007028      0x1a8 CMakeFiles/main.dir/Users/cyrus/dev/pi/pico/pico-sdk/src/rp2_common/pico_unique_id/unique_id.c.obj
                0x0000000010007028                pico_get_unique_board_id_string
 .text.flash_get_unique_id
                0x00000000100071d0       0x40 CMakeFiles/main.dir/Users/cyrus/dev/pi/pico/pico-sdk/src/rp2_common/hardware_flash/flash.c.obj
                0x00000000100071d0                flash_get_unique_id
 .text.spi_init
                0x0000000010007210       0xf8 CMakeFiles/main.dir/Users/cyrus/dev/pi/pico/pico-sdk/src/rp2_common/hardware_spi/spi.c.obj
                0x0000000010007210                spi_init
 .text.i2c_set_baudrate
                0x0000000010007308       0xc4 CMakeFiles/main.dir/Users/cyrus/dev/pi/pico/pico-sdk/src/rp2_common/hardware_i2c/i2c.c.obj
                0x0000000010007308                i2c_set_baudrate
 .text.i2c_init
                0x00000000100073cc       0x54 CMakeFiles/main.dir/Users/cyrus/dev/pi/pico/pico-sdk/src/rp2_common/hardware_i2c/i2c.c.obj
                0x00000000100073cc                i2c_init
 .text.color    0x0000000010007420      0x14c examples/libexamples.a(color.c.obj)
                0x0000000010007420                color
 .text.LCD_1IN3_Init
                0x000000001000756c      0x75c lib/LCD/libLCD.a(LCD_1in3.c.obj)
                0x000000001000756c                LCD_1IN3_Init
 .text.LCD_1IN3_Clear
                0x0000000010007cc8      0x1d4 lib/LCD/libLCD.a(LCD_1in3.c.obj)
                0x0000000010007cc8                LCD_1IN3_Clear
 .text.LCD_1IN3_DisplayWindows
                0x0000000010007e9c      0x1ac lib/LCD/libLCD.a(LCD_1in3.c.obj)
                0x0000000010007e9c                LCD_1IN3_DisplayWindows
 .text.SET_Infrared_PIN
                0x0000000010008048       0x20 lib/Infrared/libInfrared.a(Infrared.c.obj)
                0x0000000010008048                SET_Infrared_PIN
 .text.Paint_DrawLine.constprop.0
                0x0000000010008068      0x404 lib/GUI/libGUI.a(GUI_Paint.c.obj)
 .text.Paint_DrawPoint.constprop.1
                0x000000001000846c      0x314 lib/GUI/libGUI.a(GUI_Paint.c.obj)
 .text.Paint_NewImage
                0x0000000010008780       0x44 lib/GUI/libGUI.a(GUI_Paint.c.obj)
                0x0000000010008780                Paint_NewImage
 .text.Paint_SetRotate
                0x00000000100087c4       0x20 lib/GUI/libGUI.a(GUI_Paint.c.obj)
                0x00000000100087c4                Paint_SetRotate
 .text.Paint_SetScale
                0x00000000100087e4       0x6c lib/GUI/libGUI.a(GUI_Paint.c.obj)
                0x00000000100087e4                Paint_SetScale
 .text.Paint_Clear
                0x0000000010008850       0xc4 lib/GUI/libGUI.a(GUI_Paint.c.obj)
                0x0000000010008850                Paint_Clear
 .text.Paint_DrawRectangle
                0x0000000010008914      0x128 lib/GUI/libGUI.a(GUI_Paint.c.obj)
                0x0000000010008914                Paint_DrawRectangle
 .text.DEV_Digital_Write
                0x0000000010008a3c       0x14 lib/Config/libConfig.a(DEV_Config.c.obj)
                0x0000000010008a3c                DEV_Digital_Write
 .text.DEV_SPI_WriteByte
                0x0000000010008a50       0x1c lib/Config/libConfig.a(DEV_Config.c.obj)
                0x0000000010008a50                DEV_SPI_WriteByte
 .text.DEV_SPI_Write_nByte
                0x0000000010008a6c       0x14 lib/Config/libConfig.a(DEV_Config.c.obj)
                0x0000000010008a6c                DEV_SPI_Write_nByte
 .text.DEV_GPIO_Mode
                0x0000000010008a80       0x20 lib/Config/libConfig.a(DEV_Config.c.obj)
                0x0000000010008a80                DEV_GPIO_Mode
 .text.DEV_Delay_ms
                0x0000000010008aa0        0x8 lib/Config/libConfig.a(DEV_Config.c.obj)
                0x0000000010008aa0                DEV_Delay_ms
 .text.DEV_Module_Init
                0x0000000010008aa8      0x104 lib/Config/libConfig.a(DEV_Config.c.obj)
                0x0000000010008aa8                DEV_Module_Init
 .text.DEV_SET_PWM
                0x0000000010008bac       0x40 lib/Config/libConfig.a(DEV_Config.c.obj)
                0x0000000010008bac                DEV_SET_PWM
 .text.malloc   0x0000000010008bec       0x14 /opt/homebrew/Cellar/arm-none-eabi-gcc/10.3-2021.07/gcc/bin/../lib/gcc/arm-none-eabi/10.3.1/../../../../arm-none-eabi/lib/thumb/v6-m/nofp/libc.a(lib_a-malloc.o)
                0x0000000010008bec                malloc
 .text._malloc_r
                0x0000000010008c00      0x584 /opt/homebrew/Cellar/arm-none-eabi-gcc/10.3-2021.07/gcc/bin/../lib/gcc/arm-none-eabi/10.3.1/../../../../arm-none-eabi/lib/thumb/v6-m/nofp/libc.a(lib_a-mallocr.o)
                0x0000000010008c00                _malloc_r
 .text.__malloc_lock
                0x0000000010009184       0x10 /opt/homebrew/Cellar/arm-none-eabi-gcc/10.3-2021.07/gcc/bin/../lib/gcc/arm-none-eabi/10.3.1/../../../../arm-none-eabi/lib/thumb/v6-m/nofp/libc.a(lib_a-mlock.o)
                0x0000000010009184                __malloc_lock
 .text.__malloc_unlock
                0x0000000010009194       0x10 /opt/homebrew/Cellar/arm-none-eabi-gcc/10.3-2021.07/gcc/bin/../lib/gcc/arm-none-eabi/10.3.1/../../../../arm-none-eabi/lib/thumb/v6-m/nofp/libc.a(lib_a-mlock.o)
                0x0000000010009194                __malloc_unlock
 .text._sbrk_r  0x00000000100091a4       0x24 /opt/homebrew/Cellar/arm-none-eabi-gcc/10.3-2021.07/gcc/bin/../lib/gcc/arm-none-eabi/10.3.1/../../../../arm-none-eabi/lib/thumb/v6-m/nofp/libc.a(lib_a-sbrkr.o)
                0x00000000100091a4                _sbrk_r
 .text.strlen   0x00000000100091c8       0x5c /opt/homebrew/Cellar/arm-none-eabi-gcc/10.3-2021.07/gcc/bin/../lib/gcc/arm-none-eabi/10.3.1/../../../../arm-none-eabi/lib/thumb/v6-m/nofp/libc.a(lib_a-strlen-stub.o)
                0x00000000100091c8                strlen
 .text._malloc_trim_r
                0x0000000010009224       0x9c /opt/homebrew/Cellar/arm-none-eabi-gcc/10.3-2021.07/gcc/bin/../lib/gcc/arm-none-eabi/10.3.1/../../../../arm-none-eabi/lib/thumb/v6-m/nofp/libc.a(lib_a-freer.o)
                0x0000000010009224                _malloc_trim_r
 .text._free_r  0x00000000100092c0      0x1c4 /opt/homebrew/Cellar/arm-none-eabi-gcc/10.3-2021.07/gcc/bin/../lib/gcc/arm-none-eabi/10.3.1/../../../../arm-none-eabi/lib/thumb/v6-m/nofp/libc.a(lib_a-freer.o)
                0x00000000100092c0                _free_r
 .text.__retarget_lock_acquire_recursive
                0x0000000010009484        0x4 /opt/homebrew/Cellar/arm-none-eabi-gcc/10.3-2021.07/gcc/bin/../lib/gcc/arm-none-eabi/10.3.1/../../../../arm-none-eabi/lib/thumb/v6-m/nofp/libc.a(lib_a-lock.o)
                0x0000000010009484                __retarget_lock_acquire_recursive
 .text.__retarget_lock_release_recursive
                0x0000000010009488        0x4 /opt/homebrew/Cellar/arm-none-eabi-gcc/10.3-2021.07/gcc/bin/../lib/gcc/arm-none-eabi/10.3.1/../../../../arm-none-eabi/lib/thumb/v6-m/nofp/libc.a(lib_a-lock.o)
                0x0000000010009488                __retarget_lock_release_recursive
 *(.fini)
 .fini          0x000000001000948c        0x4 /opt/homebrew/Cellar/arm-none-eabi-gcc/10.3-2021.07/gcc/bin/../lib/gcc/arm-none-eabi/10.3.1/thumb/v6-m/nofp/crti.o
                0x000000001000948c                _fini
 .fini.__stub   0x0000000010009490       0x80 linker stubs
 *crtbegin.o(.ctors)
 *crtbegin?.o(.ctors)
 *(EXCLUDE_FILE(*crtend.o *crtend?.o) .ctors)
 *(SORT_BY_NAME(.ctors.*))
 *(.ctors)
 *crtbegin.o(.dtors)
 *crtbegin?.o(.dtors)
 *(EXCLUDE_FILE(*crtend.o *crtend?.o) .dtors)
 *(SORT_BY_NAME(.dtors.*))
 *(.dtors)
 *(.eh_frame*)
 .eh_frame      0x0000000010009510        0x0 /opt/homebrew/Cellar/arm-none-eabi-gcc/10.3-2021.07/gcc/bin/../lib/gcc/arm-none-eabi/10.3.1/thumb/v6-m/nofp/crtbegin.o
                0x0000000010009510                . = ALIGN (0x4)

.glue_7         0x0000000010009510        0x0
 .glue_7        0x0000000010009510        0x0 linker stubs

.glue_7t        0x0000000010009510        0x0
 .glue_7t       0x0000000010009510        0x0 linker stubs

.vfp11_veneer   0x0000000010009510        0x0
 .vfp11_veneer  0x0000000010009510        0x0 linker stubs

.v4_bx          0x0000000010009510        0x0
 .v4_bx         0x0000000010009510        0x0 linker stubs

.iplt           0x0000000010009510        0x0
 .iplt          0x0000000010009510        0x0 /opt/homebrew/Cellar/arm-none-eabi-gcc/10.3-2021.07/gcc/bin/../lib/gcc/arm-none-eabi/10.3.1/thumb/v6-m/nofp/crtbegin.o

.rodata         0x0000000010009510      0x63c
 *(EXCLUDE_FILE(*libm.a: *libc.a:*lib_a-mem*.o *libgcc.a:) .rodata*)
 .rodata.spin_lock_claim_unused.str1.4
                0x0000000010009510       0x1b CMakeFiles/main.dir/Users/cyrus/dev/pi/pico/pico-sdk/src/rp2_common/hardware_sync/sync.c.obj
 *fill*         0x000000001000952b        0x1 
 .rodata.user_irq_claim_unused.str1.4
                0x000000001000952c       0x1b CMakeFiles/main.dir/Users/cyrus/dev/pi/pico/pico-sdk/src/rp2_common/hardware_irq/irq.c.obj
 *fill*         0x0000000010009547        0x1 
 .rodata.hardware_alarm_claim.str1.4
                0x0000000010009548       0x22 CMakeFiles/main.dir/Users/cyrus/dev/pi/pico/pico-sdk/src/rp2_common/hardware_timer/timer.c.obj
 *fill*         0x000000001000956a        0x2 
 .rodata.panic.str1.4
                0x000000001000956c       0x12 CMakeFiles/main.dir/Users/cyrus/dev/pi/pico/pico-sdk/src/rp2_common/pico_runtime/runtime.c.obj
 *fill*         0x000000001000957e        0x2 
 .rodata.hard_assertion_failure.str1.4
                0x0000000010009580        0xc CMakeFiles/main.dir/Users/cyrus/dev/pi/pico/pico-sdk/src/rp2_common/pico_runtime/runtime.c.obj
 .rodata._ftoa.str1.4
                0x000000001000958c       0x15 CMakeFiles/main.dir/Users/cyrus/dev/pi/pico/pico-sdk/src/rp2_common/pico_printf/printf.c.obj
 *fill*         0x00000000100095a1        0x3 
 .rodata._vsnprintf
                0x00000000100095a4      0x1e0 CMakeFiles/main.dir/Users/cyrus/dev/pi/pico/pico-sdk/src/rp2_common/pico_printf/printf.c.obj
 *fill*         0x0000000010009784        0x4 
 .rodata.pow10.0
                0x0000000010009788       0x50 CMakeFiles/main.dir/Users/cyrus/dev/pi/pico/pico-sdk/src/rp2_common/pico_printf/printf.c.obj
 .rodata.__wrap_malloc.str1.4
                0x00000000100097d8        0xe CMakeFiles/main.dir/Users/cyrus/dev/pi/pico/pico-sdk/src/rp2_common/pico_malloc/pico_malloc.c.obj
 *fill*         0x00000000100097e6        0x2 
 .rodata.str1.4
                0x00000000100097e8       0x3c CMakeFiles/main.dir/Users/cyrus/dev/pi/pico/pico-sdk/src/rp2_common/pico_standard_link/binary_info.c.obj
 .rodata.__bi_44
                0x0000000010009824        0xc CMakeFiles/main.dir/Users/cyrus/dev/pi/pico/pico-sdk/src/rp2_common/pico_standard_link/binary_info.c.obj
 .rodata.__bi_75
                0x0000000010009830        0xc CMakeFiles/main.dir/Users/cyrus/dev/pi/pico/pico-sdk/src/rp2_common/pico_standard_link/binary_info.c.obj
 .rodata.__bi_81
                0x000000001000983c        0xc CMakeFiles/main.dir/Users/cyrus/dev/pi/pico/pico-sdk/src/rp2_common/pico_standard_link/binary_info.c.obj
 .rodata.crlf_str.0
                0x0000000010009848        0x2 CMakeFiles/main.dir/Users/cyrus/dev/pi/pico/pico-sdk/src/rp2_common/pico_stdio/stdio.c.obj
 *fill*         0x000000001000984a        0x2 
 .rodata.str1.4
                0x000000001000984c       0x2c CMakeFiles/main.dir/Users/cyrus/dev/pi/pico/pico-sdk/src/rp2_common/pico_stdio_uart/stdio_uart.c.obj
 .rodata.__bi_28.4
                0x0000000010009878        0xc CMakeFiles/main.dir/Users/cyrus/dev/pi/pico/pico-sdk/src/rp2_common/pico_stdio_uart/stdio_uart.c.obj
 .rodata.__bi_29.5
                0x0000000010009884        0x8 CMakeFiles/main.dir/Users/cyrus/dev/pi/pico/pico-sdk/src/rp2_common/pico_stdio_uart/stdio_uart.c.obj
 .rodata._resetd_driver
                0x000000001000988c       0x18 CMakeFiles/main.dir/Users/cyrus/dev/pi/pico/pico-sdk/src/rp2_common/pico_stdio_usb/reset_interface.c.obj
 .rodata.str1.4
                0x00000000100098a4       0x13 CMakeFiles/main.dir/Users/cyrus/dev/pi/pico/pico-sdk/src/rp2_common/pico_stdio_usb/stdio_usb.c.obj
 *fill*         0x00000000100098b7        0x1 
 .rodata.__bi_118.0
                0x00000000100098b8        0xc CMakeFiles/main.dir/Users/cyrus/dev/pi/pico/pico-sdk/src/rp2_common/pico_stdio_usb/stdio_usb.c.obj
 .rodata.str1.4
                0x00000000100098c4       0x2a CMakeFiles/main.dir/Users/cyrus/dev/pi/pico/pico-sdk/src/rp2_common/pico_stdio_usb/stdio_usb_descriptors.c.obj
 *fill*         0x00000000100098ee        0x2 
 .rodata.usbd_desc_cfg
                0x00000000100098f0       0x54 CMakeFiles/main.dir/Users/cyrus/dev/pi/pico/pico-sdk/src/rp2_common/pico_stdio_usb/stdio_usb_descriptors.c.obj
 .rodata.usbd_desc_device
                0x0000000010009944       0x12 CMakeFiles/main.dir/Users/cyrus/dev/pi/pico/pico-sdk/src/rp2_common/pico_stdio_usb/stdio_usb_descriptors.c.obj
 *fill*         0x0000000010009956        0x2 
 .rodata.usbd_desc_str
                0x0000000010009958       0x18 CMakeFiles/main.dir/Users/cyrus/dev/pi/pico/pico-sdk/src/rp2_common/pico_stdio_usb/stdio_usb_descriptors.c.obj
 .rodata.dcd_rp2040_irq.str1.4
                0x0000000010009970       0x14 CMakeFiles/main.dir/Users/cyrus/dev/pi/pico/pico-sdk/lib/tinyusb/src/portable/raspberrypi/rp2040/dcd_rp2040.c.obj
 .rodata._hw_endpoint_buffer_control_update32.part.0.isra.0.str1.4
                0x0000000010009984       0x1f CMakeFiles/main.dir/Users/cyrus/dev/pi/pico/pico-sdk/lib/tinyusb/src/portable/raspberrypi/rp2040/rp2040_usb.c.obj
 *fill*         0x00000000100099a3        0x1 
 .rodata.hw_endpoint_xfer_continue.str1.4
                0x00000000100099a4       0x29 CMakeFiles/main.dir/Users/cyrus/dev/pi/pico/pico-sdk/lib/tinyusb/src/portable/raspberrypi/rp2040/rp2040_usb.c.obj
 .rodata.str1.4
                0x00000000100099cd       0x29 CMakeFiles/main.dir/Users/cyrus/dev/pi/pico/pico-sdk/lib/tinyusb/src/portable/raspberrypi/rp2040/rp2040_usb.c.obj
                                          0x7 (size before relaxing)
 *fill*         0x00000000100099cd        0x3 
 .rodata.tud_task
                0x00000000100099d0       0x8c CMakeFiles/main.dir/Users/cyrus/dev/pi/pico/pico-sdk/lib/tinyusb/src/device/usbd.c.obj
 .rodata._usbd_driver
                0x0000000010009a5c       0x18 CMakeFiles/main.dir/Users/cyrus/dev/pi/pico/pico-sdk/lib/tinyusb/src/device/usbd.c.obj
 .rodata.color.str1.4
                0x0000000010009a74       0x60 examples/libexamples.a(color.c.obj)
 .rodata.Paint_DrawLine.constprop.0.str1.4
                0x0000000010009ad4       0x49 lib/GUI/libGUI.a(GUI_Paint.c.obj)
 *fill*         0x0000000010009b1d        0x3 
 .rodata.DEV_Module_Init.str1.4
                0x0000000010009b20       0x15 lib/Config/libConfig.a(DEV_Config.c.obj)
 *fill*         0x0000000010009b35        0x3 
 .rodata.DEV_SET_PWM.str1.4
                0x0000000010009b38       0x14 lib/Config/libConfig.a(DEV_Config.c.obj)
                0x0000000010009b4c                . = ALIGN (0x4)
 *(SORT_BY_ALIGNMENT(SORT_BY_NAME(.flashdata*)))
                0x0000000010009b4c                . = ALIGN (0x4)

.rel.dyn        0x0000000010009b4c        0x0
 .rel.iplt      0x0000000010009b4c        0x0 /opt/homebrew/Cellar/arm-none-eabi-gcc/10.3-2021.07/gcc/bin/../lib/gcc/arm-none-eabi/10.3.1/thumb/v6-m/nofp/crtbegin.o

.ARM.extab
 *(.ARM.extab* .gnu.linkonce.armextab.*)
                0x0000000010009b4c                __exidx_start = .

.ARM.exidx
 *(.ARM.exidx* .gnu.linkonce.armexidx.*)
                0x0000000010009b4c                __exidx_end = .
                0x0000000010009b4c                . = ALIGN (0x4)
                0x0000000010009b4c                __binary_info_start = .

.binary_info    0x0000000010009b4c       0x28
 *(.binary_info.keep.*)
 .binary_info.keep.__bi_ptr22
                0x0000000010009b4c        0x4 CMakeFiles/main.dir/Users/cyrus/dev/pi/pico/pico-sdk/src/rp2_common/pico_standard_link/binary_info.c.obj
 .binary_info.keep.__bi_ptr30
                0x0000000010009b50        0x4 CMakeFiles/main.dir/Users/cyrus/dev/pi/pico/pico-sdk/src/rp2_common/pico_standard_link/binary_info.c.obj
 .binary_info.keep.__bi_ptr38
                0x0000000010009b54        0x4 CMakeFiles/main.dir/Users/cyrus/dev/pi/pico/pico-sdk/src/rp2_common/pico_standard_link/binary_info.c.obj
 .binary_info.keep.__bi_ptr44
                0x0000000010009b58        0x4 CMakeFiles/main.dir/Users/cyrus/dev/pi/pico/pico-sdk/src/rp2_common/pico_standard_link/binary_info.c.obj
 .binary_info.keep.__bi_ptr50
                0x0000000010009b5c        0x4 CMakeFiles/main.dir/Users/cyrus/dev/pi/pico/pico-sdk/src/rp2_common/pico_standard_link/binary_info.c.obj
 .binary_info.keep.__bi_ptr75
                0x0000000010009b60        0x4 CMakeFiles/main.dir/Users/cyrus/dev/pi/pico/pico-sdk/src/rp2_common/pico_standard_link/binary_info.c.obj
 .binary_info.keep.__bi_ptr81
                0x0000000010009b64        0x4 CMakeFiles/main.dir/Users/cyrus/dev/pi/pico/pico-sdk/src/rp2_common/pico_standard_link/binary_info.c.obj
 *(.binary_info.*)
 .binary_info.__bi_ptr28
                0x0000000010009b68        0x4 CMakeFiles/main.dir/Users/cyrus/dev/pi/pico/pico-sdk/src/rp2_common/pico_stdio_uart/stdio_uart.c.obj
 .binary_info.__bi_ptr29
                0x0000000010009b6c        0x4 CMakeFiles/main.dir/Users/cyrus/dev/pi/pico/pico-sdk/src/rp2_common/pico_stdio_uart/stdio_uart.c.obj
 .binary_info.__bi_ptr118
                0x0000000010009b70        0x4 CMakeFiles/main.dir/Users/cyrus/dev/pi/pico/pico-sdk/src/rp2_common/pico_stdio_usb/stdio_usb.c.obj
                0x0000000010009b74                __binary_info_end = .
                0x0000000010009b74                . = ALIGN (0x4)
                0x0000000010009b74                __etext = .

.ram_vector_table
                0x0000000020000000       0xc0
 *(.ram_vector_table)
 .ram_vector_table
                0x0000000020000000       0xc0 CMakeFiles/main.dir/Users/cyrus/dev/pi/pico/pico-sdk/src/rp2_common/pico_runtime/runtime.c.obj
                0x0000000020000000                ram_vector_table

.data           0x00000000200000c0      0xc70 load address 0x0000000010009b74
                0x00000000200000c0                __data_start__ = .
 *(vtable)
 *(.time_critical*)
 .time_critical.mutex_enter_blocking
                0x00000000200000c0       0x48 CMakeFiles/main.dir/Users/cyrus/dev/pi/pico/pico-sdk/src/common/pico_sync/mutex.c.obj
                0x00000000200000c0                mutex_enter_blocking
 .time_critical.mutex_try_enter
                0x0000000020000108       0x44 CMakeFiles/main.dir/Users/cyrus/dev/pi/pico/pico-sdk/src/common/pico_sync/mutex.c.obj
                0x0000000020000108                mutex_try_enter
 .time_critical.mutex_enter_timeout_ms
                0x000000002000014c       0xa0 CMakeFiles/main.dir/Users/cyrus/dev/pi/pico/pico-sdk/src/common/pico_sync/mutex.c.obj
                0x000000002000014c                mutex_enter_timeout_ms
 .time_critical.mutex_exit
                0x00000000200001ec       0x28 CMakeFiles/main.dir/Users/cyrus/dev/pi/pico/pico-sdk/src/common/pico_sync/mutex.c.obj
                0x00000000200001ec                mutex_exit
 .time_critical.flash_init_boot2_copyout
                0x0000000020000214       0x30 CMakeFiles/main.dir/Users/cyrus/dev/pi/pico/pico-sdk/src/rp2_common/hardware_flash/flash.c.obj
 .time_critical.flash_enable_xip_via_boot2
                0x0000000020000244       0x10 CMakeFiles/main.dir/Users/cyrus/dev/pi/pico/pico-sdk/src/rp2_common/hardware_flash/flash.c.obj
 .time_critical.flash_cs_force
                0x0000000020000254       0x38 CMakeFiles/main.dir/Users/cyrus/dev/pi/pico/pico-sdk/src/rp2_common/hardware_flash/flash.c.obj
 .time_critical.flash_do_cmd
                0x000000002000028c       0xc4 CMakeFiles/main.dir/Users/cyrus/dev/pi/pico/pico-sdk/src/rp2_common/hardware_flash/flash.c.obj
                0x000000002000028c                flash_do_cmd
 .time_critical.spi_write_blocking
                0x0000000020000350       0x4c CMakeFiles/main.dir/Users/cyrus/dev/pi/pico/pico-sdk/src/rp2_common/hardware_spi/spi.c.obj
                0x0000000020000350                spi_write_blocking
 *(.text*)
 .text          0x000000002000039c        0x4 /opt/homebrew/Cellar/arm-none-eabi-gcc/10.3-2021.07/gcc/bin/../lib/gcc/arm-none-eabi/10.3.1/thumb/v6-m/nofp/libgcc.a(_dvmd_tls.o)
                0x000000002000039c                __aeabi_ldiv0
                0x000000002000039c                __aeabi_idiv0
 .text.__stub   0x00000000200003a0       0x30 linker stubs
                0x00000000200003d0                . = ALIGN (0x4)
 *(.rodata*)
                0x00000000200003d0                . = ALIGN (0x4)
 *(.data*)
 .data.striped_spin_lock_num
                0x00000000200003d0        0x1 CMakeFiles/main.dir/Users/cyrus/dev/pi/pico/pico-sdk/src/rp2_common/hardware_sync/sync.c.obj
 *fill*         0x00000000200003d1        0x3 
 .data          0x00000000200003d4       0x48 CMakeFiles/main.dir/Users/cyrus/dev/pi/pico/pico-sdk/src/rp2_common/hardware_irq/irq_handler_chain.S.obj
                0x00000000200003d4                irq_handler_chain_slots
                0x0000000020000404                irq_handler_chain_first_slot
                0x000000002000040e                irq_handler_chain_remove_tail
 .data.default_alarm_pool
                0x000000002000041c       0x18 CMakeFiles/main.dir/Users/cyrus/dev/pi/pico/pico-sdk/src/common/pico_time/time.c.obj
 .data.default_alarm_pool_heap
                0x0000000020000434       0x10 CMakeFiles/main.dir/Users/cyrus/dev/pi/pico/pico-sdk/src/common/pico_time/time.c.obj
 *fill*         0x0000000020000444        0xc 
 .data.aeabi_bits_funcs
                0x0000000020000450       0x10 CMakeFiles/main.dir/Users/cyrus/dev/pi/pico/pico-sdk/src/rp2_common/pico_bit_ops/bit_ops_aeabi.S.obj
                0x0000000020000450                aeabi_bits_funcs
                0x0000000020000460                aeabi_bits_funcs_end
 .data.aeabi_mem_funcs
                0x0000000020000460       0x10 CMakeFiles/main.dir/Users/cyrus/dev/pi/pico/pico-sdk/src/rp2_common/pico_mem_ops/mem_ops_aeabi.S.obj
                0x0000000020000460                aeabi_mem_funcs
                0x0000000020000470                aeabi_mem_funcs_end
 .data.stdio_uart
                0x0000000020000470       0x14 CMakeFiles/main.dir/Users/cyrus/dev/pi/pico/pico-sdk/src/rp2_common/pico_stdio_uart/stdio_uart.c.obj
                0x0000000020000470                stdio_uart
 .data.stdio_usb
                0x0000000020000484       0x14 CMakeFiles/main.dir/Users/cyrus/dev/pi/pico/pico-sdk/src/rp2_common/pico_stdio_usb/stdio_usb.c.obj
                0x0000000020000484                stdio_usb
 .data.ep_dir_string
                0x0000000020000498        0x8 CMakeFiles/main.dir/Users/cyrus/dev/pi/pico/pico-sdk/lib/tinyusb/src/portable/raspberrypi/rp2040/rp2040_usb.c.obj
                0x0000000020000498                ep_dir_string
 .data._usbd_qdef
                0x00000000200004a0       0x24 CMakeFiles/main.dir/Users/cyrus/dev/pi/pico/pico-sdk/lib/tinyusb/src/device/usbd.c.obj
                0x00000000200004a0                _usbd_qdef
 .data.i2c0_inst
                0x00000000200004c4        0x8 CMakeFiles/main.dir/Users/cyrus/dev/pi/pico/pico-sdk/src/rp2_common/hardware_i2c/i2c.c.obj
                0x00000000200004c4                i2c0_inst
 .data.i2c1_inst
                0x00000000200004cc        0x8 CMakeFiles/main.dir/Users/cyrus/dev/pi/pico/pico-sdk/src/rp2_common/hardware_i2c/i2c.c.obj
                0x00000000200004cc                i2c1_inst
 .data._impure_ptr
                0x00000000200004d4        0x4 /opt/homebrew/Cellar/arm-none-eabi-gcc/10.3-2021.07/gcc/bin/../lib/gcc/arm-none-eabi/10.3.1/../../../../arm-none-eabi/lib/thumb/v6-m/nofp/libc.a(lib_a-impure.o)
                0x00000000200004d4                _impure_ptr
 .data.impure_data
                0x00000000200004d8      0x428 /opt/homebrew/Cellar/arm-none-eabi-gcc/10.3-2021.07/gcc/bin/../lib/gcc/arm-none-eabi/10.3.1/../../../../arm-none-eabi/lib/thumb/v6-m/nofp/libc.a(lib_a-impure.o)
 .data.__malloc_av_
                0x0000000020000900      0x408 /opt/homebrew/Cellar/arm-none-eabi-gcc/10.3-2021.07/gcc/bin/../lib/gcc/arm-none-eabi/10.3.1/../../../../arm-none-eabi/lib/thumb/v6-m/nofp/libc.a(lib_a-mallocr.o)
                0x0000000020000900                __malloc_av_
 .data.__malloc_sbrk_base
                0x0000000020000d08        0x4 /opt/homebrew/Cellar/arm-none-eabi-gcc/10.3-2021.07/gcc/bin/../lib/gcc/arm-none-eabi/10.3.1/../../../../arm-none-eabi/lib/thumb/v6-m/nofp/libc.a(lib_a-mallocr.o)
                0x0000000020000d08                __malloc_sbrk_base
 .data.__malloc_trim_threshold
                0x0000000020000d0c        0x4 /opt/homebrew/Cellar/arm-none-eabi-gcc/10.3-2021.07/gcc/bin/../lib/gcc/arm-none-eabi/10.3.1/../../../../arm-none-eabi/lib/thumb/v6-m/nofp/libc.a(lib_a-mallocr.o)
                0x0000000020000d0c                __malloc_trim_threshold
                0x0000000020000d10                . = ALIGN (0x4)
 *(.after_data.*)
                0x0000000020000d10                . = ALIGN (0x4)
                0x0000000020000d10                PROVIDE (__mutex_array_start = .)
 *(SORT_BY_NAME(.mutex_array.*))
 *(.mutex_array)
 .mutex_array   0x0000000020000d10        0x8 CMakeFiles/main.dir/Users/cyrus/dev/pi/pico/pico-sdk/src/rp2_common/pico_stdio/stdio.c.obj
                0x0000000020000d18                PROVIDE (__mutex_array_end = .)
                0x0000000020000d18                . = ALIGN (0x4)
                0x0000000020000d18                PROVIDE (__preinit_array_start = .)
 *(SORT_BY_NAME(.preinit_array.*))
 .preinit_array.00001
                0x0000000020000d18        0x4 CMakeFiles/main.dir/Users/cyrus/dev/pi/pico/pico-sdk/src/rp2_common/pico_mem_ops/mem_ops_aeabi.S.obj
 .preinit_array.00010
                0x0000000020000d1c        0x4 CMakeFiles/main.dir/Users/cyrus/dev/pi/pico/pico-sdk/src/rp2_common/pico_bit_ops/bit_ops_aeabi.S.obj
 .preinit_array.00020
                0x0000000020000d20        0x4 CMakeFiles/main.dir/Users/cyrus/dev/pi/pico/pico-sdk/src/rp2_common/pico_double/double_aeabi.S.obj
 .preinit_array.00020
                0x0000000020000d24        0x4 CMakeFiles/main.dir/Users/cyrus/dev/pi/pico/pico-sdk/src/rp2_common/pico_float/float_aeabi.S.obj
 *(.preinit_array)
                0x0000000020000d28                PROVIDE (__preinit_array_end = .)
                0x0000000020000d28                . = ALIGN (0x4)
                0x0000000020000d28                PROVIDE (__init_array_start = .)
 *(SORT_BY_NAME(.init_array.*))
 *(.init_array)
 .init_array    0x0000000020000d28        0x4 /opt/homebrew/Cellar/arm-none-eabi-gcc/10.3-2021.07/gcc/bin/../lib/gcc/arm-none-eabi/10.3.1/thumb/v6-m/nofp/crtbegin.o
 .init_array    0x0000000020000d2c        0x4 CMakeFiles/main.dir/Users/cyrus/dev/pi/pico/pico-sdk/src/rp2_common/pico_unique_id/unique_id.c.obj
                0x0000000020000d30                PROVIDE (__init_array_end = .)
                0x0000000020000d30                . = ALIGN (0x4)
                [!provide]                        PROVIDE (__fini_array_start = .)
 *(SORT_BY_NAME(.fini_array.*))
 *(.fini_array)
                [!provide]                        PROVIDE (__fini_array_end = .)
 *(.jcr)
                0x0000000020000d30                . = ALIGN (0x4)
                0x0000000020000d30                __data_end__ = .

.igot.plt       0x0000000020000d30        0x0 load address 0x000000001000a7e4
 .igot.plt      0x0000000020000d30        0x0 /opt/homebrew/Cellar/arm-none-eabi-gcc/10.3-2021.07/gcc/bin/../lib/gcc/arm-none-eabi/10.3.1/thumb/v6-m/nofp/crtbegin.o

.uninitialized_data
                0x0000000020000d30        0x0 load address 0x000000001000a7e4
                0x0000000020000d30                . = ALIGN (0x4)
 *(.uninitialized_data*)

.scratch_x      0x0000000020040000        0x0 load address 0x000000001000a7e4
                0x0000000020040000                __scratch_x_start__ = .
 *(.scratch_x.*)
                0x0000000020040000                . = ALIGN (0x4)
                0x0000000020040000                __scratch_x_end__ = .
                0x000000001000a7e4                __scratch_x_source__ = LOADADDR (.scratch_x)

.scratch_y      0x0000000020041000        0x0 load address 0x000000001000a7e4
                0x0000000020041000                __scratch_y_start__ = .
 *(.scratch_y.*)
                0x0000000020041000                . = ALIGN (0x4)
                0x0000000020041000                __scratch_y_end__ = .
                0x000000001000a7e4                __scratch_y_source__ = LOADADDR (.scratch_y)

.bss            0x0000000020000d30      0xdf8
                0x0000000020000d30                . = ALIGN (0x4)
                0x0000000020000d30                __bss_start__ = .
 *(SORT_BY_ALIGNMENT(SORT_BY_NAME(.bss*)))
 .bss.default_alarm_pool_entries
                0x0000000020000d30      0x100 CMakeFiles/main.dir/Users/cyrus/dev/pi/pico/pico-sdk/src/common/pico_time/time.c.obj
 .bss.last_avail_time.1
                0x0000000020000e30        0x8 CMakeFiles/main.dir/Users/cyrus/dev/pi/pico/pico-sdk/src/rp2_common/pico_stdio_usb/stdio_usb.c.obj
 .bss.sd_table  0x0000000020000e38      0x100 CMakeFiles/main.dir/Users/cyrus/dev/pi/pico/pico-sdk/src/rp2_common/pico_double/double_init_rom.c.obj
                0x0000000020000e38                sd_table
 .bss.sf_table  0x0000000020000f38      0x100 CMakeFiles/main.dir/Users/cyrus/dev/pi/pico/pico-sdk/src/rp2_common/pico_float/float_init_rom.c.obj
                0x0000000020000f38                sf_table
 .bss           0x0000000020001038       0x1c /opt/homebrew/Cellar/arm-none-eabi-gcc/10.3-2021.07/gcc/bin/../lib/gcc/arm-none-eabi/10.3.1/thumb/v6-m/nofp/crtbegin.o
 .bss.Infrared_PIN
                0x0000000020001054        0x4 lib/Infrared/libInfrared.a(Infrared.c.obj)
                0x0000000020001054                Infrared_PIN
 .bss.LCD_1IN3  0x0000000020001058        0x6 lib/LCD/libLCD.a(LCD_1in3.c.obj)
                0x0000000020001058                LCD_1IN3
 *fill*         0x000000002000105e        0x2 
 .bss.Paint     0x0000000020001060       0x18 lib/GUI/libGUI.a(GUI_Paint.c.obj)
                0x0000000020001060                Paint
 .bss.__lock___malloc_recursive_mutex
                0x0000000020001078        0x1 /opt/homebrew/Cellar/arm-none-eabi-gcc/10.3-2021.07/gcc/bin/../lib/gcc/arm-none-eabi/10.3.1/../../../../arm-none-eabi/lib/thumb/v6-m/nofp/libc.a(lib_a-lock.o)
                0x0000000020001078                __lock___malloc_recursive_mutex
 *fill*         0x0000000020001079        0x3 
 .bss.__malloc_current_mallinfo
                0x000000002000107c       0x28 /opt/homebrew/Cellar/arm-none-eabi-gcc/10.3-2021.07/gcc/bin/../lib/gcc/arm-none-eabi/10.3.1/../../../../arm-none-eabi/lib/thumb/v6-m/nofp/libc.a(lib_a-mallocr.o)
                0x000000002000107c                __malloc_current_mallinfo
 .bss.__malloc_max_sbrked_mem
                0x00000000200010a4        0x4 /opt/homebrew/Cellar/arm-none-eabi-gcc/10.3-2021.07/gcc/bin/../lib/gcc/arm-none-eabi/10.3.1/../../../../arm-none-eabi/lib/thumb/v6-m/nofp/libc.a(lib_a-mallocr.o)
                0x00000000200010a4                __malloc_max_sbrked_mem
 .bss.__malloc_max_total_mem
                0x00000000200010a8        0x4 /opt/homebrew/Cellar/arm-none-eabi-gcc/10.3-2021.07/gcc/bin/../lib/gcc/arm-none-eabi/10.3.1/../../../../arm-none-eabi/lib/thumb/v6-m/nofp/libc.a(lib_a-mallocr.o)
                0x00000000200010a8                __malloc_max_total_mem
 .bss.__malloc_top_pad
                0x00000000200010ac        0x4 /opt/homebrew/Cellar/arm-none-eabi-gcc/10.3-2021.07/gcc/bin/../lib/gcc/arm-none-eabi/10.3.1/../../../../arm-none-eabi/lib/thumb/v6-m/nofp/libc.a(lib_a-mallocr.o)
                0x00000000200010ac                __malloc_top_pad
 .bss._app_driver
                0x00000000200010b0        0x4 CMakeFiles/main.dir/Users/cyrus/dev/pi/pico/pico-sdk/lib/tinyusb/src/device/usbd.c.obj
 .bss._cdcd_itf
                0x00000000200010b4      0x2d8 CMakeFiles/main.dir/Users/cyrus/dev/pi/pico/pico-sdk/lib/tinyusb/src/class/cdc/cdc_device.c.obj
 .bss._ctrl_xfer
                0x000000002000138c       0x14 CMakeFiles/main.dir/Users/cyrus/dev/pi/pico/pico-sdk/lib/tinyusb/src/device/usbd_control.c.obj
 .bss._ubsd_mutexdef
                0x00000000200013a0        0x8 CMakeFiles/main.dir/Users/cyrus/dev/pi/pico/pico-sdk/lib/tinyusb/src/device/usbd.c.obj
 .bss._usbd_ctrl_buf
                0x00000000200013a8       0x40 CMakeFiles/main.dir/Users/cyrus/dev/pi/pico/pico-sdk/lib/tinyusb/src/device/usbd_control.c.obj
 .bss._usbd_dev
                0x00000000200013e8       0x53 CMakeFiles/main.dir/Users/cyrus/dev/pi/pico/pico-sdk/lib/tinyusb/src/device/usbd.c.obj
 *fill*         0x000000002000143b        0x1 
 .bss._usbd_mutex
                0x000000002000143c        0x4 CMakeFiles/main.dir/Users/cyrus/dev/pi/pico/pico-sdk/lib/tinyusb/src/device/usbd.c.obj
 .bss._usbd_q   0x0000000020001440        0x4 CMakeFiles/main.dir/Users/cyrus/dev/pi/pico/pico-sdk/lib/tinyusb/src/device/usbd.c.obj
 .bss._usbd_qdef_buf
                0x0000000020001444       0xc0 CMakeFiles/main.dir/Users/cyrus/dev/pi/pico/pico-sdk/lib/tinyusb/src/device/usbd.c.obj
                0x0000000020001444                _usbd_qdef_buf
 .bss.alarm_callbacks
                0x0000000020001504       0x10 CMakeFiles/main.dir/Users/cyrus/dev/pi/pico/pico-sdk/src/rp2_common/hardware_timer/timer.c.obj
 .bss.boot2_copyout
                0x0000000020001514      0x100 CMakeFiles/main.dir/Users/cyrus/dev/pi/pico/pico-sdk/src/rp2_common/hardware_flash/flash.c.obj
 .bss.claimed   0x0000000020001614        0x4 CMakeFiles/main.dir/Users/cyrus/dev/pi/pico/pico-sdk/src/rp2_common/hardware_sync/sync.c.obj
 .bss.configured_freq
                0x0000000020001618       0x28 CMakeFiles/main.dir/Users/cyrus/dev/pi/pico/pico-sdk/src/rp2_common/hardware_clocks/clocks.c.obj
 .bss.default_alarm_pool_entry_ids_high
                0x0000000020001640       0x10 CMakeFiles/main.dir/Users/cyrus/dev/pi/pico/pico-sdk/src/common/pico_time/time.c.obj
 .bss.default_alarm_pool_heap_nodes
                0x0000000020001650       0x30 CMakeFiles/main.dir/Users/cyrus/dev/pi/pico/pico-sdk/src/common/pico_time/time.c.obj
 .bss.desc_str.0
                0x0000000020001680       0x28 CMakeFiles/main.dir/Users/cyrus/dev/pi/pico/pico-sdk/src/rp2_common/pico_stdio_usb/stdio_usb_descriptors.c.obj
 .bss.drivers   0x00000000200016a8        0x4 CMakeFiles/main.dir/Users/cyrus/dev/pi/pico/pico-sdk/src/rp2_common/pico_stdio/stdio.c.obj
 .bss.errno     0x00000000200016ac        0x4 /opt/homebrew/Cellar/arm-none-eabi-gcc/10.3-2021.07/gcc/bin/../lib/gcc/arm-none-eabi/10.3.1/../../../../arm-none-eabi/lib/thumb/v6-m/nofp/libc.a(lib_a-reent.o)
                0x00000000200016ac                errno
 .bss.filter    0x00000000200016b0        0x4 CMakeFiles/main.dir/Users/cyrus/dev/pi/pico/pico-sdk/src/rp2_common/pico_stdio/stdio.c.obj
 .bss.heap_end.0
                0x00000000200016b4        0x4 CMakeFiles/main.dir/Users/cyrus/dev/pi/pico/pico-sdk/src/rp2_common/pico_runtime/runtime.c.obj
 .bss.hw_endpoints
                0x00000000200016b8      0x400 CMakeFiles/main.dir/Users/cyrus/dev/pi/pico/pico-sdk/lib/tinyusb/src/portable/raspberrypi/rp2040/dcd_rp2040.c.obj
 .bss.lazy_vsnprintf
                0x0000000020001ab8        0x4 CMakeFiles/main.dir/Users/cyrus/dev/pi/pico/pico-sdk/src/rp2_common/pico_printf/printf.c.obj
 .bss.load_value
                0x0000000020001abc        0x4 CMakeFiles/main.dir/Users/cyrus/dev/pi/pico/pico-sdk/src/rp2_common/hardware_watchdog/watchdog.c.obj
 .bss.next_buffer_ptr
                0x0000000020001ac0        0x4 CMakeFiles/main.dir/Users/cyrus/dev/pi/pico/pico-sdk/lib/tinyusb/src/portable/raspberrypi/rp2040/dcd_rp2040.c.obj
 .bss.pools     0x0000000020001ac4       0x10 CMakeFiles/main.dir/Users/cyrus/dev/pi/pico/pico-sdk/src/common/pico_time/time.c.obj
 .bss.retrieved_id
                0x0000000020001ad4        0x8 CMakeFiles/main.dir/Users/cyrus/dev/pi/pico/pico-sdk/src/rp2_common/pico_unique_id/unique_id.c.obj
 .bss.sf_clz_func
                0x0000000020001adc        0x4 CMakeFiles/main.dir/Users/cyrus/dev/pi/pico/pico-sdk/src/rp2_common/pico_double/double_init_rom.c.obj
                0x0000000020001adc                sf_clz_func
 .bss.sleep_notifier
                0x0000000020001ae0        0x4 CMakeFiles/main.dir/Users/cyrus/dev/pi/pico/pico-sdk/src/common/pico_time/time.c.obj
 .bss.slice_num
                0x0000000020001ae4        0x4 lib/Config/libConfig.a(DEV_Config.c.obj)
                0x0000000020001ae4                slice_num
 .bss.stdio_usb_mutex
                0x0000000020001ae8        0x8 CMakeFiles/main.dir/Users/cyrus/dev/pi/pico/pico-sdk/src/rp2_common/pico_stdio_usb/stdio_usb.c.obj
 .bss.target_hi
                0x0000000020001af0       0x10 CMakeFiles/main.dir/Users/cyrus/dev/pi/pico/pico-sdk/src/rp2_common/hardware_timer/timer.c.obj
 .bss.uart_char_to_line_feed
                0x0000000020001b00        0x4 CMakeFiles/main.dir/Users/cyrus/dev/pi/pico/pico-sdk/src/rp2_common/hardware_uart/uart.c.obj
                0x0000000020001b00                uart_char_to_line_feed
 .bss.uart_instance
                0x0000000020001b04        0x4 CMakeFiles/main.dir/Users/cyrus/dev/pi/pico/pico-sdk/src/rp2_common/pico_stdio_uart/stdio_uart.c.obj
 .bss.usbd_serial_str
                0x0000000020001b08       0x11 CMakeFiles/main.dir/Users/cyrus/dev/pi/pico/pico-sdk/src/rp2_common/pico_stdio_usb/stdio_usb_descriptors.c.obj
 *fill*         0x0000000020001b19        0x3 
 .bss.user_irq_claimed
                0x0000000020001b1c        0x2 CMakeFiles/main.dir/Users/cyrus/dev/pi/pico/pico-sdk/src/rp2_common/hardware_irq/irq.c.obj
 .bss._app_driver_count
                0x0000000020001b1e        0x1 CMakeFiles/main.dir/Users/cyrus/dev/pi/pico/pico-sdk/lib/tinyusb/src/device/usbd.c.obj
 .bss._usbd_initialized
                0x0000000020001b1f        0x1 CMakeFiles/main.dir/Users/cyrus/dev/pi/pico/pico-sdk/lib/tinyusb/src/device/usbd.c.obj
 .bss.boot2_copyout_valid
                0x0000000020001b20        0x1 CMakeFiles/main.dir/Users/cyrus/dev/pi/pico/pico-sdk/src/rp2_common/hardware_flash/flash.c.obj
 .bss.claimed   0x0000000020001b21        0x1 CMakeFiles/main.dir/Users/cyrus/dev/pi/pico/pico-sdk/src/rp2_common/hardware_timer/timer.c.obj
 .bss.irq_hander_chain_free_slot_head
                0x0000000020001b22        0x1 CMakeFiles/main.dir/Users/cyrus/dev/pi/pico/pico-sdk/src/rp2_common/hardware_irq/irq.c.obj
 .bss.itf_num   0x0000000020001b23        0x1 CMakeFiles/main.dir/Users/cyrus/dev/pi/pico/pico-sdk/src/rp2_common/pico_stdio_usb/reset_interface.c.obj
 .bss.low_priority_irq_num
                0x0000000020001b24        0x1 CMakeFiles/main.dir/Users/cyrus/dev/pi/pico/pico-sdk/src/rp2_common/pico_stdio_usb/stdio_usb.c.obj
 .bss.timer_callbacks_pending
                0x0000000020001b25        0x1 CMakeFiles/main.dir/Users/cyrus/dev/pi/pico/pico-sdk/src/rp2_common/hardware_timer/timer.c.obj
 *(COMMON)
                0x0000000020001b28                . = ALIGN (0x4)
 *fill*         0x0000000020001b26        0x2 
                0x0000000020001b28                __bss_end__ = .

.heap           0x0000000020001b28      0x800
                0x0000000020001b28                __end__ = .
                0x0000000020001b28                end = __end__
 *(.heap*)
 .heap          0x0000000020001b28      0x800 CMakeFiles/main.dir/Users/cyrus/dev/pi/pico/pico-sdk/src/rp2_common/pico_standard_link/crt0.S.obj
                0x0000000020002328                __HeapLimit = .

.stack1_dummy   0x0000000020040000        0x0
 *(.stack1*)

.stack_dummy    0x0000000020041000      0x800
 *(.stack*)
 .stack         0x0000000020041000      0x800 CMakeFiles/main.dir/Users/cyrus/dev/pi/pico/pico-sdk/src/rp2_common/pico_standard_link/crt0.S.obj

.flash_end      0x000000001000a7e4        0x0
                0x000000001000a7e4                __flash_binary_end = .
                0x0000000020040000                __StackLimit = (ORIGIN (RAM) + LENGTH (RAM))
                0x0000000020041000                __StackOneTop = (ORIGIN (SCRATCH_X) + LENGTH (SCRATCH_X))
                0x0000000020042000                __StackTop = (ORIGIN (SCRATCH_Y) + LENGTH (SCRATCH_Y))
                0x0000000020041000                __StackOneBottom = (__StackOneTop - SIZEOF (.stack1_dummy))
                0x0000000020041800                __StackBottom = (__StackTop - SIZEOF (.stack_dummy))
                0x0000000020042000                PROVIDE (__stack = __StackTop)
                0x0000000000000001                ASSERT ((__StackLimit >= __HeapLimit), region RAM overflowed)
                0x0000000000000001                ASSERT (((__binary_info_header_end - __logical_binary_start) <= 0x100), Binary info must be in first 256 bytes of the binary)
LOAD CMakeFiles/main.dir/main.c.obj
LOAD CMakeFiles/main.dir/Users/cyrus/dev/pi/pico/pico-sdk/src/rp2_common/pico_stdlib/stdlib.c.obj
LOAD CMakeFiles/main.dir/Users/cyrus/dev/pi/pico/pico-sdk/src/rp2_common/hardware_gpio/gpio.c.obj
LOAD CMakeFiles/main.dir/Users/cyrus/dev/pi/pico/pico-sdk/src/rp2_common/hardware_claim/claim.c.obj
LOAD CMakeFiles/main.dir/Users/cyrus/dev/pi/pico/pico-sdk/src/rp2_common/pico_platform/platform.c.obj
LOAD CMakeFiles/main.dir/Users/cyrus/dev/pi/pico/pico-sdk/src/rp2_common/hardware_sync/sync.c.obj
LOAD CMakeFiles/main.dir/Users/cyrus/dev/pi/pico/pico-sdk/src/rp2_common/hardware_irq/irq.c.obj
LOAD CMakeFiles/main.dir/Users/cyrus/dev/pi/pico/pico-sdk/src/rp2_common/hardware_irq/irq_handler_chain.S.obj
LOAD CMakeFiles/main.dir/Users/cyrus/dev/pi/pico/pico-sdk/src/common/pico_sync/sem.c.obj
LOAD CMakeFiles/main.dir/Users/cyrus/dev/pi/pico/pico-sdk/src/common/pico_sync/lock_core.c.obj
LOAD CMakeFiles/main.dir/Users/cyrus/dev/pi/pico/pico-sdk/src/common/pico_time/time.c.obj
LOAD CMakeFiles/main.dir/Users/cyrus/dev/pi/pico/pico-sdk/src/common/pico_time/timeout_helper.c.obj
LOAD CMakeFiles/main.dir/Users/cyrus/dev/pi/pico/pico-sdk/src/rp2_common/hardware_timer/timer.c.obj
LOAD CMakeFiles/main.dir/Users/cyrus/dev/pi/pico/pico-sdk/src/common/pico_util/datetime.c.obj
LOAD CMakeFiles/main.dir/Users/cyrus/dev/pi/pico/pico-sdk/src/common/pico_util/pheap.c.obj
LOAD CMakeFiles/main.dir/Users/cyrus/dev/pi/pico/pico-sdk/src/common/pico_util/queue.c.obj
LOAD CMakeFiles/main.dir/Users/cyrus/dev/pi/pico/pico-sdk/src/common/pico_sync/mutex.c.obj
LOAD CMakeFiles/main.dir/Users/cyrus/dev/pi/pico/pico-sdk/src/common/pico_sync/critical_section.c.obj
LOAD CMakeFiles/main.dir/Users/cyrus/dev/pi/pico/pico-sdk/src/rp2_common/hardware_uart/uart.c.obj
LOAD CMakeFiles/main.dir/Users/cyrus/dev/pi/pico/pico-sdk/src/rp2_common/hardware_divider/divider.S.obj
LOAD CMakeFiles/main.dir/Users/cyrus/dev/pi/pico/pico-sdk/src/rp2_common/pico_runtime/runtime.c.obj
LOAD CMakeFiles/main.dir/Users/cyrus/dev/pi/pico/pico-sdk/src/rp2_common/hardware_clocks/clocks.c.obj
LOAD CMakeFiles/main.dir/Users/cyrus/dev/pi/pico/pico-sdk/src/rp2_common/hardware_pll/pll.c.obj
LOAD CMakeFiles/main.dir/Users/cyrus/dev/pi/pico/pico-sdk/src/rp2_common/hardware_vreg/vreg.c.obj
LOAD CMakeFiles/main.dir/Users/cyrus/dev/pi/pico/pico-sdk/src/rp2_common/hardware_watchdog/watchdog.c.obj